Component: Arm Compiler for Embedded 6.19 Tool: armlink [5e73cb00]

==============================================================================

Section Cross References

    at32f403a_407_clock.o(.text.system_clock_config) refers to at32f403a_407_crm.o(.text.crm_reset) for crm_reset
    at32f403a_407_clock.o(.text.system_clock_config) refers to at32f403a_407_crm.o(.text.crm_clock_source_enable) for crm_clock_source_enable
    at32f403a_407_clock.o(.text.system_clock_config) refers to at32f403a_407_crm.o(.text.crm_hext_stable_wait) for crm_hext_stable_wait
    at32f403a_407_clock.o(.text.system_clock_config) refers to at32f403a_407_crm.o(.text.crm_pll_config) for crm_pll_config
    at32f403a_407_clock.o(.text.system_clock_config) refers to at32f403a_407_crm.o(.text.crm_hext_clock_div_set) for crm_hext_clock_div_set
    at32f403a_407_clock.o(.text.system_clock_config) refers to at32f403a_407_crm.o(.text.crm_flag_get) for crm_flag_get
    at32f403a_407_clock.o(.text.system_clock_config) refers to at32f403a_407_crm.o(.text.crm_ahb_div_set) for crm_ahb_div_set
    at32f403a_407_clock.o(.text.system_clock_config) refers to at32f403a_407_crm.o(.text.crm_apb2_div_set) for crm_apb2_div_set
    at32f403a_407_clock.o(.text.system_clock_config) refers to at32f403a_407_crm.o(.text.crm_apb1_div_set) for crm_apb1_div_set
    at32f403a_407_clock.o(.text.system_clock_config) refers to at32f403a_407_crm.o(.text.crm_auto_step_mode_enable) for crm_auto_step_mode_enable
    at32f403a_407_clock.o(.text.system_clock_config) refers to at32f403a_407_crm.o(.text.crm_sysclk_switch) for crm_sysclk_switch
    at32f403a_407_clock.o(.text.system_clock_config) refers to at32f403a_407_crm.o(.text.crm_sysclk_switch_status_get) for crm_sysclk_switch_status_get
    at32f403a_407_clock.o(.text.system_clock_config) refers to system_at32f403a_407.o(.text.system_core_clock_update) for system_core_clock_update
    at32f403a_407_clock.o(.ARM.exidx.text.system_clock_config) refers to at32f403a_407_clock.o(.text.system_clock_config) for [Anonymous Symbol]
    at32f403a_407_int.o(.ARM.exidx.text.NMI_Handler) refers to at32f403a_407_int.o(.text.NMI_Handler) for [Anonymous Symbol]
    at32f403a_407_int.o(.ARM.exidx.text.HardFault_Handler) refers to at32f403a_407_int.o(.text.HardFault_Handler) for [Anonymous Symbol]
    at32f403a_407_int.o(.ARM.exidx.text.MemManage_Handler) refers to at32f403a_407_int.o(.text.MemManage_Handler) for [Anonymous Symbol]
    at32f403a_407_int.o(.ARM.exidx.text.BusFault_Handler) refers to at32f403a_407_int.o(.text.BusFault_Handler) for [Anonymous Symbol]
    at32f403a_407_int.o(.ARM.exidx.text.UsageFault_Handler) refers to at32f403a_407_int.o(.text.UsageFault_Handler) for [Anonymous Symbol]
    at32f403a_407_int.o(.ARM.exidx.text.SVC_Handler) refers to at32f403a_407_int.o(.text.SVC_Handler) for [Anonymous Symbol]
    at32f403a_407_int.o(.ARM.exidx.text.DebugMon_Handler) refers to at32f403a_407_int.o(.text.DebugMon_Handler) for [Anonymous Symbol]
    at32f403a_407_int.o(.ARM.exidx.text.PendSV_Handler) refers to at32f403a_407_int.o(.text.PendSV_Handler) for [Anonymous Symbol]
    at32f403a_407_int.o(.ARM.exidx.text.SysTick_Handler) refers to at32f403a_407_int.o(.text.SysTick_Handler) for [Anonymous Symbol]
    main.o(.text.usb_clock48m_select) refers to system_at32f403a_407.o(.data.system_core_clock) for system_core_clock
    main.o(.text.usb_clock48m_select) refers to at32f403a_407_crm.o(.text.crm_usb_clock_div_set) for crm_usb_clock_div_set
    main.o(.text.usb_clock48m_select) refers to at32f403a_407_crm.o(.text.crm_usb_clock_source_select) for crm_usb_clock_source_select
    main.o(.text.usb_clock48m_select) refers to at32f403a_407_crm.o(.text.crm_periph_clock_enable) for crm_periph_clock_enable
    main.o(.text.usb_clock48m_select) refers to at32f403a_407_acc.o(.text.acc_write_c1) for acc_write_c1
    main.o(.text.usb_clock48m_select) refers to at32f403a_407_acc.o(.text.acc_write_c2) for acc_write_c2
    main.o(.text.usb_clock48m_select) refers to at32f403a_407_acc.o(.text.acc_write_c3) for acc_write_c3
    main.o(.text.usb_clock48m_select) refers to at32f403a_407_acc.o(.text.acc_calibration_mode_enable) for acc_calibration_mode_enable
    main.o(.ARM.exidx.text.usb_clock48m_select) refers to main.o(.text.usb_clock48m_select) for [Anonymous Symbol]
    main.o(.text.main) refers to at32f403a_407_misc.o(.text.nvic_priority_group_config) for nvic_priority_group_config
    main.o(.text.main) refers to at32f403a_407_clock.o(.text.system_clock_config) for system_clock_config
    main.o(.text.main) refers to at32f403a_407_board.o(.text.at32_board_init) for at32_board_init
    main.o(.text.main) refers to main.o(.text.usb_clock48m_select) for usb_clock48m_select
    main.o(.text.main) refers to at32f403a_407_crm.o(.text.crm_periph_clock_enable) for crm_periph_clock_enable
    main.o(.text.main) refers to at32f403a_407_misc.o(.text.nvic_irq_enable) for nvic_irq_enable
[...]
    at32f403a_407_can.c                      0x00000000   Number         0  at32f403a_407_can.o ABSOLUTE
    at32f403a_407_clock.c                    0x00000000   Number         0  at32f403a_407_clock.o ABSOLUTE
    at32f403a_407_crc.c                      0x00000000   Number         0  at32f403a_407_crc.o ABSOLUTE
    at32f403a_407_crm.c                      0x00000000   Number         0  at32f403a_407_crm.o ABSOLUTE
    at32f403a_407_dac.c                      0x00000000   Number         0  at32f403a_407_dac.o ABSOLUTE
    at32f403a_407_debug.c                    0x00000000   Number         0  at32f403a_407_debug.o ABSOLUTE
    at32f403a_407_dma.c                      0x00000000   Number         0  at32f403a_407_dma.o ABSOLUTE
    at32f403a_407_emac.c                     0x00000000   Number         0  at32f403a_407_emac.o ABSOLUTE
    at32f403a_407_exint.c                    0x00000000   Number         0  at32f403a_407_exint.o ABSOLUTE
    at32f403a_407_flash.c                    0x00000000   Number         0  at32f403a_407_flash.o ABSOLUTE
    at32f403a_407_gpio.c                     0x00000000   Number         0  at32f403a_407_gpio.o ABSOLUTE
    at32f403a_407_i2c.c                      0x00000000   Number         0  at32f403a_407_i2c.o ABSOLUTE
    at32f403a_407_int.c                      0x00000000   Number         0  at32f403a_407_int.o ABSOLUTE
    at32f403a_407_misc.c                     0x00000000   Number         0  at32f403a_407_misc.o ABSOLUTE
    at32f403a_407_pwc.c                      0x00000000   Number         0  at32f403a_407_pwc.o ABSOLUTE
    at32f403a_407_rtc.c                      0x00000000   Number         0  at32f403a_407_rtc.o ABSOLUTE
    at32f403a_407_sdio.c                     0x00000000   Number         0  at32f403a_407_sdio.o ABSOLUTE
    at32f403a_407_spi.c                      0x00000000   Number         0  at32f403a_407_spi.o ABSOLUTE
    at32f403a_407_tmr.c                      0x00000000   Number         0  at32f403a_407_tmr.o ABSOLUTE
    at32f403a_407_usart.c                    0x00000000   Number         0  at32f403a_407_usart.o ABSOLUTE
    at32f403a_407_usb.c                      0x00000000   Number         0  at32f403a_407_usb.o ABSOLUTE
    at32f403a_407_wdt.c                      0x00000000   Number         0  at32f403a_407_wdt.o ABSOLUTE
    at32f403a_407_wwdt.c                     0x00000000   Number         0  at32f403a_407_wwdt.o ABSOLUTE
    at32f403a_407_xmc.c                      0x00000000   Number         0  at32f403a_407_xmc.o ABSOLUTE
    dc.s                                     0x00000000   Number         0  dc.o ABSOLUTE
    main.c                                   0x00000000   Number         0  main.o ABSOLUTE
    msc_bot_scsi.c                           0x00000000   Number         0  msc_bot_scsi.o ABSOLUTE
    msc_class.c                              0x00000000   Number         0  msc_class.o ABSOLUTE
    msc_desc.c                               0x00000000   Number         0  msc_desc.o ABSOLUTE
    msc_diskio.c                             0x00000000   Number         0  msc_diskio.o ABSOLUTE
    system_at32f403a_407.c                   0x00000000   Number         0  system_at32f403a_407.o ABSOLUTE
    usbd_core.c                              0x00000000   Number         0  usbd_core.o ABSOLUTE
    usbd_int.c                               0x00000000   Number         0  usbd_int.o ABSOLUTE
    usbd_sdr.c                               0x00000000   Number         0  usbd_sdr.o ABSOLUTE
    RESET                                    0x08000000   Section      388  startup_at32f403a_407.o(RESET)
    !!!main                                  0x08000184   Section        8  __main.o(!!!main)
    !!!scatter                               0x0800018c   Section       52  __scatter.o(!!!scatter)
    !!dczerorl2                              0x080001c0   Section       90  __dczerorl2.o(!!dczerorl2)
    !!handler_zi                             0x0800021c   Section       28  __scatter_zi.o(!!handler_zi)
    .ARM.Collect$$libinit$$00000000          0x08000238   Section        2  libinit.o(.ARM.Collect$$libinit$$00000000)
    .ARM.Collect$$libinit$$00000001          0x0800023a   Section        4  libinit2.o(.ARM.Collect$$libinit$$00000001)
    .ARM.Collect$$libinit$$00000004          0x0800023e   Section        0  libinit2.o(.ARM.Collect$$libinit$$00000004)
    .ARM.Collect$$libinit$$00000006          0x0800023e   Section        0  libinit2.o(.ARM.Collect$$libinit$$00000006)
    .ARM.Collect$$libinit$$0000000C          0x0800023e   Section        0  libinit2.o(.ARM.Collect$$libinit$$0000000C)
    .ARM.Collect$$libinit$$0000000E          0x0800023e   Section        0  libinit2.o(.ARM.Collect$$libinit$$0000000E)
    .ARM.Collect$$libinit$$00000010          0x0800023e   Section        0  libinit2.o(.ARM.Collect$$libinit$$00000010)
    .ARM.Collect$$libinit$$00000013          0x0800023e   Section        0  libinit2.o(.ARM.Collect$$libinit$$00000013)
    .ARM.Collect$$libinit$$00000015          0x0800023e   Section        0  libinit2.o(.ARM.Collect$$libinit$$00000015)
    .ARM.Collect$$libinit$$00000017          0x0800023e   Section        0  libinit2.o(.ARM.Collect$$libinit$$00000017)
    .ARM.Collect$$libinit$$00000019          0x0800023e   Section        0  libinit2.o(.ARM.Collect$$libinit$$00000019)
    .ARM.Collect$$libinit$$0000001B          0x0800023e   Section        0  libinit2.o(.ARM.Collect$$libinit$$0000001B)
    .ARM.Collect$$libinit$$0000001D          0x0800023e   Section        0  libinit2.o(.ARM.Collect$$libinit$$0000001D)
    .ARM.Collect$$libinit$$0000001F          0x0800023e   Section        0  libinit2.o(.ARM.Collect$$libinit$$0000001F)
    .ARM.Collect$$libinit$$00000021          0x0800023e   Section        0  libinit2.o(.ARM.Collect$$libinit$$00000021)
    .ARM.Collect$$libinit$$00000023          0x0800023e   Section        0  libinit2.o(.ARM.Collect$$libinit$$00000023)
    .ARM.Collect$$libinit$$00000025          0x0800023e   Section        0  libinit2.o(.ARM.Collect$$libinit$$00000025)
    .ARM.Collect$$libinit$$00000027          0x0800023e   Section        0  libinit2.o(.ARM.Collect$$libinit$$00000027)
    .ARM.Collect$$libinit$$0000002E          0x0800023e   Section        0  libinit2.o(.ARM.Collect$$libinit$$0000002E)
    .ARM.Collect$$libinit$$00000030          0x0800023e   Section        0  libinit2.o(.ARM.Collect$$libinit$$00000030)
    .ARM.Collect$$libinit$$00000032          0x0800023e   Section        0  libinit2.o(.ARM.Collect$$libinit$$00000032)
    .ARM.Collect$$libinit$$00000034          0x0800023e   Section        0  libinit2.o(.ARM.Collect$$libinit$$00000034)
    .ARM.Collect$$libinit$$00000035          0x0800023e   Section        2  libinit2.o(.ARM.Collect$$libinit$$00000035)
    .ARM.Collect$$libshutdown$$00000000      0x08000240   Section        2  libshutdown.o(.ARM.Collect$$libshutdown$$00000000)
    .ARM.Collect$$libshutdown$$00000002      0x08000242   Section        0  libshutdown2.o(.ARM.Collect$$libshutdown$$00000002)
    .ARM.Collect$$libshutdown$$00000004      0x08000242   Section        0  libshutdown2.o(.ARM.Collect$$libshutdown$$00000004)
    .ARM.Collect$$libshutdown$$00000007      0x08000242   Section        0  libshutdown2.o(.ARM.Collect$$libshutdown$$00000007)
    .ARM.Collect$$libshutdown$$0000000A      0x08000242   Section        0  libshutdown2.o(.ARM.Collect$$libshutdown$$0000000A)
    .ARM.Collect$$libshutdown$$0000000C      0x08000242   Section        0  libshutdown2.o(.ARM.Collect$$libshutdown$$0000000C)
    .ARM.Collect$$libshutdown$$0000000F      0x08000242   Section        0  libshutdown2.o(.ARM.Collect$$libshutdown$$0000000F)
    .ARM.Collect$$libshutdown$$00000010      0x08000242   Section        2  libshutdown2.o(.ARM.Collect$$libshutdown$$00000010)
    .ARM.Collect$$rtentry$$00000000          0x08000244   Section        0  __rtentry.o(.ARM.Collect$$rtentry$$00000000)
    .ARM.Collect$$rtentry$$00000002          0x08000244   Section        0  __rtentry2.o(.ARM.Collect$$rtentry$$00000002)
    .ARM.Collect$$rtentry$$00000004          0x08000244   Section        6  __rtentry4.o(.ARM.Collect$$rtentry$$00000004)
    .ARM.Collect$$rtentry$$00000009          0x0800024a   Section        0  __rtentry2.o(.ARM.Collect$$rtentry$$00000009)
    .ARM.Collect$$rtentry$$0000000A          0x0800024a   Section        4  __rtentry2.o(.ARM.Collect$$rtentry$$0000000A)
    .ARM.Collect$$rtentry$$0000000C          0x0800024e   Section        0  __rtentry2.o(.ARM.Collect$$rtentry$$0000000C)
    .ARM.Collect$$rtentry$$0000000D          0x0800024e   Section        8  __rtentry2.o(.ARM.Collect$$rtentry$$0000000D)
    .ARM.Collect$$rtexit$$00000000           0x08000256   Section        2  rtexit.o(.ARM.Collect$$rtexit$$00000000)
    .ARM.Collect$$rtexit$$00000002           0x08000258   Section        0  rtexit2.o(.ARM.Collect$$rtexit$$00000002)
    .ARM.Collect$$rtexit$$00000003           0x08000258   Section        4  rtexit2.o(.ARM.Collect$$rtexit$$00000003)
    .ARM.Collect$$rtexit$$00000004           0x0800025c   Section        6  rtexit2.o(.ARM.Collect$$rtexit$$00000004)
    $v0                                      0x08000264   Number         0  startup_at32f403a_407.o(.text)
    .text                                    0x08000264   Section       64  startup_at32f403a_407.o(.text)
    .text                                    0x080002a4   Section        2  use_no_semi_2.o(.text)
    .text                                    0x080002a6   Section        0  heapauxi.o(.text)
    .text                                    0x080002ac   Section        2  use_no_semi.o(.text)
    .text                                    0x080002ae   Section       74  sys_stackheap_outer.o(.text)
    .text                                    0x080002f8   Section        0  exit.o(.text)
    .text                                    0x0800030c   Section        8  libspace.o(.text)
    [Anonymous Symbol]                       0x08000314   Section        0  at32f403a_407_int.o(.text.BusFault_Handler)
    [Anonymous Symbol]                       0x08000318   Section        0  at32f403a_407_int.o(.text.DebugMon_Handler)
    [Anonymous Symbol]                       0x0800031c   Section        0  at32f403a_407_int.o(.text.HardFault_Handler)
    [Anonymous Symbol]                       0x08000320   Section        0  at32f403a_407_int.o(.text.MemManage_Handler)
    [Anonymous Symbol]                       0x08000324   Section        0  at32f403a_407_int.o(.text.NMI_Handler)
    [Anonymous Symbol]                       0x08000328   Section        0  at32f403a_407_int.o(.text.PendSV_Handler)
    [Anonymous Symbol]                       0x0800032c   Section        0  at32f403a_407_int.o(.text.SVC_Handler)
    [Anonymous Symbol]                       0x08000330   Section        0  at32f403a_407_int.o(.text.SysTick_Handler)
    [Anonymous Symbol]                       0x08000334   Section        0  system_at32f403a_407.o(.text.SystemInit)
    [Anonymous Symbol]                       0x08000390   Section        0  main.o(.text.USBFS_L_CAN1_RX0_IRQHandler)
    [Anonymous Symbol]                       0x0800039c   Section        0  at32f403a_407_int.o(.text.UsageFault_Handler)
    [Anonymous Symbol]                       0x080003a0   Section        0  at32f403a_407_board.o(.text._sys_exit)
    [Anonymous Symbol]                       0x080003a4   Section        0  at32f403a_407_acc.o(.text.acc_calibration_mode_enable)
    [Anonymous Symbol]                       0x080003c4   Section        0  at32f403a_407_acc.o(.text.acc_write_c1)
    [Anonymous Symbol]                       0x080003d0   Section        0  at32f403a_407_acc.o(.text.acc_write_c2)
    [Anonymous Symbol]                       0x080003dc   Section        0  at32f403a_407_acc.o(.text.acc_write_c3)
    [Anonymous Symbol]                       0x080003e8   Section        0  at32f403a_407_board.o(.text.at32_board_init)
    [Anonymous Symbol]                       0x080004fc   Section        0  msc_bot_scsi.o(.text.bot_cbw_decode)
    [Anonymous Symbol]                       0x08000608   Section        0  msc_bot_scsi.o(.text.bot_scsi_clear_feature)
    [Anonymous Symbol]                       0x08000668   Section        0  msc_bot_scsi.o(.text.bot_scsi_cmd_process)
    [Anonymous Symbol]                       0x0800091c   Section        0  msc_bot_scsi.o(.text.bot_scsi_datain_handler)
    [Anonymous Symbol]                       0x0800097c   Section        0  msc_bot_scsi.o(.text.bot_scsi_dataout_handler)
    [Anonymous Symbol]                       0x080009e0   Section        0  msc_bot_scsi.o(.text.bot_scsi_init)
    [Anonymous Symbol]                       0x08000a18   Section        0  msc_bot_scsi.o(.text.bot_scsi_read10)
    [Anonymous Symbol]                       0x08000b18   Section        0  msc_bot_scsi.o(.text.bot_scsi_reset)
    [Anonymous Symbol]                       0x08000b44   Section        0  msc_bot_scsi.o(.text.bot_scsi_send_csw)
    [Anonymous Symbol]                       0x08000b80   Section        0  msc_bot_scsi.o(.text.bot_scsi_send_data)
    [Anonymous Symbol]                       0x08000bb8   Section        0  msc_bot_scsi.o(.text.bot_scsi_write10)
    class_clear_handler                      0x08000d21   Thumb Code    22  msc_class.o(.text.class_clear_handler)
    [Anonymous Symbol]                       0x08000d20   Section        0  msc_class.o(.text.class_clear_handler)
    class_ept0_rx_handler                    0x08000d39   Thumb Code    12  msc_class.o(.text.class_ept0_rx_handler)
    [Anonymous Symbol]                       0x08000d38   Section        0  msc_class.o(.text.class_ept0_rx_handler)
    class_ept0_tx_handler                    0x08000d45   Thumb Code     4  msc_class.o(.text.class_ept0_tx_handler)
    [Anonymous Symbol]                       0x08000d44   Section        0  msc_class.o(.text.class_ept0_tx_handler)
    class_event_handler                      0x08000d49   Thumb Code     4  msc_class.o(.text.class_event_handler)
    [Anonymous Symbol]                       0x08000d48   Section        0  msc_class.o(.text.class_event_handler)
    class_in_handler                         0x08000d4d   Thumb Code    10  msc_class.o(.text.class_in_handler)
    [Anonymous Symbol]                       0x08000d4c   Section        0  msc_class.o(.text.class_in_handler)
    class_init_handler                       0x08000d59   Thumb Code    36  msc_class.o(.text.class_init_handler)
    [Anonymous Symbol]                       0x08000d58   Section        0  msc_class.o(.text.class_init_handler)
    class_out_handler                        0x08000d7d   Thumb Code    10  msc_class.o(.text.class_out_handler)
    [Anonymous Symbol]                       0x08000d7c   Section        0  msc_class.o(.text.class_out_handler)
    class_setup_handler                      0x08000d89   Thumb Code   156  msc_class.o(.text.class_setup_handler)
    [Anonymous Symbol]                       0x08000d88   Section        0  msc_class.o(.text.class_setup_handler)
    class_sof_handler                        0x08000e25   Thumb Code     4  msc_class.o(.text.class_sof_handler)
    [Anonymous Symbol]                       0x08000e24   Section        0  msc_class.o(.text.class_sof_handler)
    [Anonymous Symbol]                       0x08000e28   Section        0  at32f403a_407_crm.o(.text.crm_ahb_div_set)
    [Anonymous Symbol]                       0x08000e44   Section        0  at32f403a_407_crm.o(.text.crm_apb1_div_set)
    [Anonymous Symbol]                       0x08000e60   Section        0  at32f403a_407_crm.o(.text.crm_apb2_div_set)
    [Anonymous Symbol]                       0x08000e7c   Section        0  at32f403a_407_crm.o(.text.crm_auto_step_mode_enable)
    [Anonymous Symbol]                       0x08000e94   Section        0  at32f403a_407_crm.o(.text.crm_clock_source_enable)
    [Anonymous Symbol]                       0x08000f10   Section        0  at32f403a_407_crm.o(.text.crm_flag_get)
    [Anonymous Symbol]                       0x08000f2c   Section        0  at32f403a_407_crm.o(.text.crm_hext_clock_div_set)
    [Anonymous Symbol]                       0x08000f48   Section        0  at32f403a_407_crm.o(.text.crm_hext_stable_wait)
    [Anonymous Symbol]                       0x08000f6c   Section        0  at32f403a_407_crm.o(.text.crm_periph_clock_enable)
    [Anonymous Symbol]                       0x08000f94   Section        0  at32f403a_407_crm.o(.text.crm_pll_config)
    [Anonymous Symbol]                       0x08001004   Section        0  at32f403a_407_crm.o(.text.crm_reset)
    [Anonymous Symbol]                       0x08001048   Section        0  at32f403a_407_crm.o(.text.crm_sysclk_switch)
    [Anonymous Symbol]                       0x0800105c   Section        0  at32f403a_407_crm.o(.text.crm_sysclk_switch_status_get)
    [Anonymous Symbol]                       0x0800106c   Section        0  at32f403a_407_crm.o(.text.crm_usb_clock_div_set)
    [Anonymous Symbol]                       0x08001088   Section        0  at32f403a_407_crm.o(.text.crm_usb_clock_source_select)
    [Anonymous Symbol]                       0x080010bc   Section        0  at32f403a_407_flash.o(.text.flash_byte_program)
    [Anonymous Symbol]                       0x080011cc   Section        0  at32f403a_407_flash.o(.text.flash_lock)
    [Anonymous Symbol]                       0x080011e8   Section        0  at32f403a_407_flash.o(.text.flash_sector_erase)
    [Anonymous Symbol]                       0x080013cc   Section        0  at32f403a_407_flash.o(.text.flash_unlock)
    get_device_config_string                 0x080013f1   Thumb Code    80  msc_desc.o(.text.get_device_config_string)
    [Anonymous Symbol]                       0x080013f0   Section        0  msc_desc.o(.text.get_device_config_string)
    get_device_configuration                 0x08001441   Thumb Code    10  msc_desc.o(.text.get_device_configuration)
    [Anonymous Symbol]                       0x08001440   Section        0  msc_desc.o(.text.get_device_configuration)
    get_device_descriptor                    0x0800144d   Thumb Code    10  msc_desc.o(.text.get_device_descriptor)
    [Anonymous Symbol]                       0x0800144c   Section        0  msc_desc.o(.text.get_device_descriptor)
    get_device_interface_string              0x08001459   Thumb Code    80  msc_desc.o(.text.get_device_interface_string)
    [Anonymous Symbol]                       0x08001458   Section        0  msc_desc.o(.text.get_device_interface_string)
    get_device_lang_id                       0x080014a9   Thumb Code    10  msc_desc.o(.text.get_device_lang_id)
    [Anonymous Symbol]                       0x080014a8   Section        0  msc_desc.o(.text.get_device_lang_id)
    get_device_manufacturer_string           0x080014b5   Thumb Code    80  msc_desc.o(.text.get_device_manufacturer_string)
    [Anonymous Symbol]                       0x080014b4   Section        0  msc_desc.o(.text.get_device_manufacturer_string)
    get_device_other_speed                   0x08001505   Thumb Code     4  msc_desc.o(.text.get_device_other_speed)
    [Anonymous Symbol]                       0x08001504   Section        0  msc_desc.o(.text.get_device_other_speed)
    get_device_product_string                0x08001509   Thumb Code    80  msc_desc.o(.text.get_device_product_string)
    [Anonymous Symbol]                       0x08001508   Section        0  msc_desc.o(.text.get_device_product_string)
    get_device_qualifier                     0x08001559   Thumb Code     4  msc_desc.o(.text.get_device_qualifier)
    [Anonymous Symbol]                       0x08001558   Section        0  msc_desc.o(.text.get_device_qualifier)
    get_device_serial_string                 0x0800155d   Thumb Code   128  msc_desc.o(.text.get_device_serial_string)
    [Anonymous Symbol]                       0x0800155c   Section        0  msc_desc.o(.text.get_device_serial_string)
    [Anonymous Symbol]                       0x080015dc   Section        0  msc_diskio.o(.text.get_inquiry)
    [Anonymous Symbol]                       0x080015f0   Section        0  at32f403a_407_gpio.o(.text.gpio_default_para_init)
    [Anonymous Symbol]                       0x08001604   Section        0  at32f403a_407_gpio.o(.text.gpio_init)
    [Anonymous Symbol]                       0x080016c4   Section        0  main.o(.text.main)
    [Anonymous Symbol]                       0x08001724   Section        0  msc_diskio.o(.text.msc_disk_capacity)
    [Anonymous Symbol]                       0x08001784   Section        0  msc_diskio.o(.text.msc_disk_read)
    [Anonymous Symbol]                       0x080017a8   Section        0  msc_diskio.o(.text.msc_disk_write)
    [Anonymous Symbol]                       0x0800180c   Section        0  at32f403a_407_misc.o(.text.nvic_irq_enable)
    [Anonymous Symbol]                       0x08001880   Section        0  at32f403a_407_misc.o(.text.nvic_priority_group_config)
    [Anonymous Symbol]                       0x080018a0   Section        0  at32f403a_407_clock.o(.text.system_clock_config)
    [Anonymous Symbol]                       0x08001910   Section        0  system_at32f403a_407.o(.text.system_core_clock_update)
    system_core_clock_update.sys_ahb_div_table 0x080019b4   Number         0  system_at32f403a_407.o(.text.system_core_clock_update)
    [Anonymous Symbol]                       0x080019c4   Section        0  at32f403a_407_misc.o(.text.systick_clock_source_config)
    [Anonymous Symbol]                       0x080019dc   Section        0  at32f403a_407_usb.o(.text.usb_buffer_free)
    [Anonymous Symbol]                       0x080019ec   Section        0  at32f403a_407_usb.o(.text.usb_buffer_malloc)
    [Anonymous Symbol]                       0x08001a00   Section        0  main.o(.text.usb_clock48m_select)
    [Anonymous Symbol]                       0x08001afc   Section        0  at32f403a_407_usb.o(.text.usb_connect)
    [Anonymous Symbol]                       0x08001b10   Section        0  at32f403a_407_usb.o(.text.usb_dev_init)
    [Anonymous Symbol]                       0x08001b2c   Section        0  at32f403a_407_usb.o(.text.usb_enter_suspend)
    [Anonymous Symbol]                       0x08001b40   Section        0  at32f403a_407_usb.o(.text.usb_ept_close)
    [Anonymous Symbol]                       0x08001c1c   Section        0  at32f403a_407_usb.o(.text.usb_ept_open)
    [Anonymous Symbol]                       0x08001f40   Section        0  at32f403a_407_usb.o(.text.usb_exit_suspend)
    [Anonymous Symbol]                       0x08001f54   Section        0  at32f403a_407_usb.o(.text.usb_flag_clear)
    [Anonymous Symbol]                       0x08001f5c   Section        0  at32f403a_407_usb.o(.text.usb_read_packet)
    [Anonymous Symbol]                       0x08001f94   Section        0  at32f403a_407_usb.o(.text.usb_set_address)
    [Anonymous Symbol]                       0x08001fa8   Section        0  at32f403a_407_usb.o(.text.usb_write_packet)
    [Anonymous Symbol]                       0x08001fe0   Section        0  usbd_core.o(.text.usbd_clear_stall)
    [Anonymous Symbol]                       0x0800202c   Section        0  usbd_core.o(.text.usbd_connect)
    [Anonymous Symbol]                       0x08002034   Section        0  usbd_core.o(.text.usbd_core_in_handler)
    [Anonymous Symbol]                       0x08002120   Section        0  usbd_core.o(.text.usbd_core_init)
    [Anonymous Symbol]                       0x08002198   Section        0  usbd_core.o(.text.usbd_core_out_handler)
    [Anonymous Symbol]                       0x08002234   Section        0  usbd_core.o(.text.usbd_core_setup_handler)
    [Anonymous Symbol]                       0x08002288   Section        0  usbd_core.o(.text.usbd_ctrl_send)
    [Anonymous Symbol]                       0x080022a0   Section        0  usbd_core.o(.text.usbd_ctrl_send_status)
    [Anonymous Symbol]                       0x080022b4   Section        0  usbd_core.o(.text.usbd_ctrl_unsupport)
    [Anonymous Symbol]                       0x080022fc   Section        0  usbd_sdr.o(.text.usbd_device_request)
    [Anonymous Symbol]                       0x0800253c   Section        0  usbd_sdr.o(.text.usbd_endpoint_request)
    [Anonymous Symbol]                       0x08002658   Section        0  usbd_core.o(.text.usbd_enter_suspend)
    [Anonymous Symbol]                       0x08002660   Section        0  usbd_core.o(.text.usbd_ept_buf_auto_define)
    [Anonymous Symbol]                       0x080026ac   Section        0  usbd_core.o(.text.usbd_ept_close)
    [Anonymous Symbol]                       0x080026c8   Section        0  usbd_core.o(.text.usbd_ept_defaut_init)
    [Anonymous Symbol]                       0x0800272c   Section        0  usbd_core.o(.text.usbd_ept_open)
    [Anonymous Symbol]                       0x08002770   Section        0  usbd_core.o(.text.usbd_ept_recv)
    [Anonymous Symbol]                       0x080027b0   Section        0  usbd_core.o(.text.usbd_ept_send)
    [Anonymous Symbol]                       0x08002860   Section        0  usbd_int.o(.text.usbd_eptn_handler)
    [Anonymous Symbol]                       0x08002a18   Section        0  usbd_core.o(.text.usbd_get_recv_len)
    [Anonymous Symbol]                       0x08002a28   Section        0  usbd_sdr.o(.text.usbd_interface_request)
    [Anonymous Symbol]                       0x08002a6c   Section        0  usbd_int.o(.text.usbd_irq_handler)
    [Anonymous Symbol]                       0x08002b78   Section        0  usbd_core.o(.text.usbd_set_stall)
    [Anonymous Symbol]                       0x08002bc4   Section        0  usbd_sdr.o(.text.usbd_setup_request_parse)
    $v0                                      0x08002bda   Number         0  fpinit.o(x$fpl$fpinit)
    x$fpl$fpinit                             0x08002bda   Section       26  fpinit.o(x$fpl$fpinit)
    .L.str.3                                 0x08002bf4   Data          23  msc_desc.o(.rodata.str1.1)
    [Anonymous Symbol]                       0x08002bf4   Section        0  msc_desc.o(.rodata.str1.1)
    .L.str.1                                 0x08002c0b   Data          18  msc_desc.o(.rodata.str1.1)
    .L.str.4                                 0x08002c1d   Data          20  msc_desc.o(.rodata.str1.1)
    .L.str                                   0x08002c31   Data           7  msc_desc.o(.rodata.str1.1)
    config_descriptor                        0x20000000   Data           8  msc_desc.o(.data.config_descriptor)
    [Anonymous Symbol]                       0x20000000   Section        0  msc_desc.o(.data.config_descriptor)
    device_descriptor                        0x20000008   Data           8  msc_desc.o(.data.device_descriptor)
    [Anonymous Symbol]                       0x20000008   Section        0  msc_desc.o(.data.device_descriptor)
    g_string_lang_id                         0x20000010   Data           4  msc_desc.o(.data.g_string_lang_id)
    [Anonymous Symbol]                       0x20000010   Section        0  msc_desc.o(.data.g_string_lang_id)
    g_string_serial                          0x20000014   Data          26  msc_desc.o(.data.g_string_serial)
    [Anonymous Symbol]                       0x20000014   Section        0  msc_desc.o(.data.g_string_serial)
    g_usb_offset_addr                        0x2000002e   Data           2  at32f403a_407_usb.o(.data.g_usb_offset_addr)
    [Anonymous Symbol]                       0x2000002e   Section        0  at32f403a_407_usb.o(.data.g_usb_offset_addr)
    g_usbd_configuration                     0x20000034   Data          32  msc_desc.o(.data.g_usbd_configuration)
    [Anonymous Symbol]                       0x20000034   Section        0  msc_desc.o(.data.g_usbd_configuration)
    g_usbd_descriptor                        0x20000054   Data          18  msc_desc.o(.data.g_usbd_descriptor)
    [Anonymous Symbol]                       0x20000054   Section        0  msc_desc.o(.data.g_usbd_descriptor)
    langid_descriptor                        0x20000068   Data           8  msc_desc.o(.data.langid_descriptor)
    [Anonymous Symbol]                       0x20000068   Section        0  msc_desc.o(.data.langid_descriptor)
    serial_descriptor                        0x20000128   Data           8  msc_desc.o(.data.serial_descriptor)
    [Anonymous Symbol]                       0x20000128   Section        0  msc_desc.o(.data.serial_descriptor)
    .bss                                     0x20000138   Section       96  libspace.o(.bss)
    fac_ms                                   0x20000198   Data           4  at32f403a_407_board.o(.bss.fac_ms)
    [Anonymous Symbol]                       0x20000198   Section        0  at32f403a_407_board.o(.bss.fac_ms)
    fac_us                                   0x2000019c   Data           4  at32f403a_407_board.o(.bss.fac_us)
    [Anonymous Symbol]                       0x2000019c   Section        0  at32f403a_407_board.o(.bss.fac_us)
    g_usbd_desc_buffer                       0x200001a0   Data         256  msc_desc.o(.bss.g_usbd_desc_buffer)
    [Anonymous Symbol]                       0x200001a0   Section        0  msc_desc.o(.bss.g_usbd_desc_buffer)
    usbd_set_configuration.config_value      0x2000153c   Data           1  usbd_sdr.o(.bss.usbd_set_configuration.config_value)
    [Anonymous Symbol]                       0x2000153c   Section        0  usbd_sdr.o(.bss.usbd_set_configuration.config_value)
    vp_desc                                  0x20001540   Data           8  msc_desc.o(.bss.vp_desc)
    [Anonymous Symbol]                       0x20001540   Section        0  msc_desc.o(.bss.vp_desc)
    Heap_Mem                                 0x20001548   Data         512  startup_at32f403a_407.o(HEAP)
    HEAP                                     0x20001548   Section      512  startup_at32f403a_407.o(HEAP)
    Stack_Mem                                0x20001748   Data        1024  startup_at32f403a_407.o(STACK)
    STACK                                    0x20001748   Section     1024  startup_at32f403a_407.o(STACK)
    __initial_sp                             0x20001b48   Data           0  startup_at32f403a_407.o(STACK)

    Global Symbols

    Symbol Name                              Value     Ov Type        Size  Object(Section)

    BuildAttributes$$THM_ISAv4$E$P$D$K$B$S$7EM$VFPi3$EXTD16$VFPS$VFMA$PE$A:L22UL41UL21$X:L11$S22US41US21$IEEE1$IW$~IW$USESV6$~STKCKD$USESV7$~SHL$OTIME$ROPI$EBA8$UX$STANDARDLIB$REQ8$PRES8$EABIv2 0x00000000   Number         0  anon$$obj.o ABSOLUTE
    __ARM_exceptions_init                     - Undefined Weak Reference
    __alloca_initialize                       - Undefined Weak Reference
    __arm_preinit_                            - Undefined Weak Reference
    __arm_relocate_pie_                       - Undefined Weak Reference
    __cpp_initialize__aeabi_                  - Undefined Weak Reference
    __cxa_finalize                            - Undefined Weak Reference
    __rt_locale                               - Undefined Weak Reference
    __sigvec_lookup                           - Undefined Weak Reference
    _atexit_init                              - Undefined Weak Reference
    _call_atexit_fns                          - Undefined Weak Reference
    _clock_init                               - Undefined Weak Reference
    _fp_trap_init                             - Undefined Weak Reference
    _fp_trap_shutdown                         - Undefined Weak Reference
    _get_lc_collate                           - Undefined Weak Reference
    _get_lc_ctype                             - Undefined Weak Reference
    _get_lc_monetary                          - Undefined Weak Reference
    _get_lc_numeric                           - Undefined Weak Reference
    _get_lc_time                              - Undefined Weak Reference
    _getenv_init                              - Undefined Weak Reference
    _handle_redirection                       - Undefined Weak Reference
    _init_alloc                               - Undefined Weak Reference
    _init_user_alloc                          - Undefined Weak Reference
    _initio                                   - Undefined Weak Reference
    _rand_init                                - Undefined Weak Reference
    _signal_finish                            - Undefined Weak Reference
    _signal_init                              - Undefined Weak Reference
    _terminate_alloc                          - Undefined Weak Reference
    _terminate_user_alloc                     - Undefined Weak Reference
    _terminateio                              - Undefined Weak Reference
    __Vectors_Size                           0x00000184   Number         0  startup_at32f403a_407.o ABSOLUTE
    __Vectors                                0x08000000   Data           4  startup_at32f403a_407.o(RESET)
    __Vectors_End                            0x08000184   Data           0  startup_at32f403a_407.o(RESET)
    __main                                   0x08000185   Thumb Code     8  __main.o(!!!main)
    __scatterload                            0x0800018d   Thumb Code     0  __scatter.o(!!!scatter)
    __scatterload_rt2                        0x0800018d   Thumb Code    44  __scatter.o(!!!scatter)
    __scatterload_rt2_thumb_only             0x0800018d   Thumb Code     0  __scatter.o(!!!scatter)
    __scatterload_null                       0x0800019b   Thumb Code     0  __scatter.o(!!!scatter)
    __decompress                             0x080001c1   Thumb Code    90  __dczerorl2.o(!!dczerorl2)
    __decompress1                            0x080001c1   Thumb Code     0  __dczerorl2.o(!!dczerorl2)
    __scatterload_zeroinit                   0x0800021d   Thumb Code    28  __scatter_zi.o(!!handler_zi)
    __rt_lib_init                            0x08000239   Thumb Code     0  libinit.o(.ARM.Collect$$libinit$$00000000)
    __rt_lib_init_fp_1                       0x0800023b   Thumb Code     0  libinit2.o(.ARM.Collect$$libinit$$00000001)
    __rt_lib_init_alloca_1                   0x0800023f   Thumb Code     0  libinit2.o(.ARM.Collect$$libinit$$00000030)
    __rt_lib_init_argv_1                     0x0800023f   Thumb Code     0  libinit2.o(.ARM.Collect$$libinit$$0000002E)
    __rt_lib_init_atexit_1                   0x0800023f   Thumb Code     0  libinit2.o(.ARM.Collect$$libinit$$0000001D)
    __rt_lib_init_clock_1                    0x0800023f   Thumb Code     0  libinit2.o(.ARM.Collect$$libinit$$00000023)
    __rt_lib_init_cpp_1                      0x0800023f   Thumb Code     0  libinit2.o(.ARM.Collect$$libinit$$00000034)
    __rt_lib_init_exceptions_1               0x0800023f   Thumb Code     0  libinit2.o(.ARM.Collect$$libinit$$00000032)
    __rt_lib_init_fp_trap_1                  0x0800023f   Thumb Code     0  libinit2.o(.ARM.Collect$$libinit$$00000021)
    __rt_lib_init_getenv_1                   0x0800023f   Thumb Code     0  libinit2.o(.ARM.Collect$$libinit$$00000025)
    __rt_lib_init_heap_1                     0x0800023f   Thumb Code     0  libinit2.o(.ARM.Collect$$libinit$$0000000C)
    __rt_lib_init_lc_collate_1               0x0800023f   Thumb Code     0  libinit2.o(.ARM.Collect$$libinit$$00000013)
    __rt_lib_init_lc_ctype_1                 0x0800023f   Thumb Code     0  libinit2.o(.ARM.Collect$$libinit$$00000015)
    __rt_lib_init_lc_monetary_1              0x0800023f   Thumb Code     0  libinit2.o(.ARM.Collect$$libinit$$00000017)
    __rt_lib_init_lc_numeric_1               0x0800023f   Thumb Code     0  libinit2.o(.ARM.Collect$$libinit$$00000019)
    __rt_lib_init_lc_time_1                  0x0800023f   Thumb Code     0  libinit2.o(.ARM.Collect$$libinit$$0000001B)
    __rt_lib_init_preinit_1                  0x0800023f   Thumb Code     0  libinit2.o(.ARM.Collect$$libinit$$00000006)
    __rt_lib_init_rand_1                     0x0800023f   Thumb Code     0  libinit2.o(.ARM.Collect$$libinit$$00000010)
    __rt_lib_init_relocate_pie_1             0x0800023f   Thumb Code     0  libinit2.o(.ARM.Collect$$libinit$$00000004)
    __rt_lib_init_return                     0x0800023f   Thumb Code     0  libinit2.o(.ARM.Collect$$libinit$$00000035)
    __rt_lib_init_signal_1                   0x0800023f   Thumb Code     0  libinit2.o(.ARM.Collect$$libinit$$0000001F)
    __rt_lib_init_stdio_1                    0x0800023f   Thumb Code     0  libinit2.o(.ARM.Collect$$libinit$$00000027)
    __rt_lib_init_user_alloc_1               0x0800023f   Thumb Code     0  libinit2.o(.ARM.Collect$$libinit$$0000000E)
    __rt_lib_shutdown                        0x08000241   Thumb Code     0  libshutdown.o(.ARM.Collect$$libshutdown$$00000000)
    __rt_lib_shutdown_cpp_1                  0x08000243   Thumb Code     0  libshutdown2.o(.ARM.Collect$$libshutdown$$00000002)
    __rt_lib_shutdown_fp_trap_1              0x08000243   Thumb Code     0  libshutdown2.o(.ARM.Collect$$libshutdown$$00000007)
    __rt_lib_shutdown_heap_1                 0x08000243   Thumb Code     0  libshutdown2.o(.ARM.Collect$$libshutdown$$0000000F)
    __rt_lib_shutdown_return                 0x08000243   Thumb Code     0  libshutdown2.o(.ARM.Collect$$libshutdown$$00000010)
    __rt_lib_shutdown_signal_1               0x08000243   Thumb Code     0  libshutdown2.o(.ARM.Collect$$libshutdown$$0000000A)
    __rt_lib_shutdown_stdio_1                0x08000243   Thumb Code     0  libshutdown2.o(.ARM.Collect$$libshutdown$$00000004)
    __rt_lib_shutdown_user_alloc_1           0x08000243   Thumb Code     0  libshutdown2.o(.ARM.Collect$$libshutdown$$0000000C)
    __rt_entry                               0x08000245   Thumb Code     0  __rtentry.o(.ARM.Collect$$rtentry$$00000000)
    __rt_entry_presh_1                       0x08000245   Thumb Code     0  __rtentry2.o(.ARM.Collect$$rtentry$$00000002)
    __rt_entry_sh                            0x08000245   Thumb Code     0  __rtentry4.o(.ARM.Collect$$rtentry$$00000004)
    __rt_entry_li                            0x0800024b   Thumb Code     0  __rtentry2.o(.ARM.Collect$$rtentry$$0000000A)
    __rt_entry_postsh_1                      0x0800024b   Thumb Code     0  __rtentry2.o(.ARM.Collect$$rtentry$$00000009)
    __rt_entry_main                          0x0800024f   Thumb Code     0  __rtentry2.o(.ARM.Collect$$rtentry$$0000000D)
    __rt_entry_postli_1                      0x0800024f   Thumb Code     0  __rtentry2.o(.ARM.Collect$$rtentry$$0000000C)
    __rt_exit                                0x08000257   Thumb Code     0  rtexit.o(.ARM.Collect$$rtexit$$00000000)
    __rt_exit_ls                             0x08000259   Thumb Code     0  rtexit2.o(.ARM.Collect$$rtexit$$00000003)
    __rt_exit_prels_1                        0x08000259   Thumb Code     0  rtexit2.o(.ARM.Collect$$rtexit$$00000002)
    __rt_exit_exit                           0x0800025d   Thumb Code     0  rtexit2.o(.ARM.Collect$$rtexit$$00000004)
    Reset_Handler                            0x08000265   Thumb Code     8  startup_at32f403a_407.o(.text)
    ACC_IRQHandler                           0x0800027f   Thumb Code     0  startup_at32f403a_407.o(.text)
    ADC1_2_IRQHandler                        0x0800027f   Thumb Code     0  startup_at32f403a_407.o(.text)
    ADC3_IRQHandler                          0x0800027f   Thumb Code     0  startup_at32f403a_407.o(.text)
    CAN1_RX1_IRQHandler                      0x0800027f   Thumb Code     0  startup_at32f403a_407.o(.text)
    CAN1_SE_IRQHandler                       0x0800027f   Thumb Code     0  startup_at32f403a_407.o(.text)
    CAN2_RX0_IRQHandler                      0x0800027f   Thumb Code     0  startup_at32f403a_407.o(.text)
    CAN2_RX1_IRQHandler                      0x0800027f   Thumb Code     0  startup_at32f403a_407.o(.text)
    CAN2_SE_IRQHandler                       0x0800027f   Thumb Code     0  startup_at32f403a_407.o(.text)
    CAN2_TX_IRQHandler                       0x0800027f   Thumb Code     0  startup_at32f403a_407.o(.text)
    CRM_IRQHandler                           0x0800027f   Thumb Code     0  startup_at32f403a_407.o(.text)
    DMA1_Channel1_IRQHandler                 0x0800027f   Thumb Code     0  startup_at32f403a_407.o(.text)
    DMA1_Channel2_IRQHandler                 0x0800027f   Thumb Code     0  startup_at32f403a_407.o(.text)
    DMA1_Channel3_IRQHandler                 0x0800027f   Thumb Code     0  startup_at32f403a_407.o(.text)
    DMA1_Channel4_IRQHandler                 0x0800027f   Thumb Code     0  startup_at32f403a_407.o(.text)
    DMA1_Channel5_IRQHandler                 0x0800027f   Thumb Code     0  startup_at32f403a_407.o(.text)
    DMA1_Channel6_IRQHandler                 0x0800027f   Thumb Code     0  startup_at32f403a_407.o(.text)
    DMA1_Channel7_IRQHandler                 0x0800027f   Thumb Code     0  startup_at32f403a_407.o(.text)
    DMA2_Channel1_IRQHandler                 0x0800027f   Thumb Code     0  startup_at32f403a_407.o(.text)
    DMA2_Channel2_IRQHandler                 0x0800027f   Thumb Code     0  startup_at32f403a_407.o(.text)
    DMA2_Channel3_IRQHandler                 0x0800027f   Thumb Code     0  startup_at32f403a_407.o(.text)
    DMA2_Channel4_5_IRQHandler               0x0800027f   Thumb Code     0  startup_at32f403a_407.o(.text)
    DMA2_Channel6_7_IRQHandler               0x0800027f   Thumb Code     0  startup_at32f403a_407.o(.text)
    EMAC_IRQHandler                          0x0800027f   Thumb Code     0  startup_at32f403a_407.o(.text)
    EMAC_WKUP_IRQHandler                     0x0800027f   Thumb Code     0  startup_at32f403a_407.o(.text)
    EXINT0_IRQHandler                        0x0800027f   Thumb Code     0  startup_at32f403a_407.o(.text)
    EXINT15_10_IRQHandler                    0x0800027f   Thumb Code     0  startup_at32f403a_407.o(.text)
    EXINT1_IRQHandler                        0x0800027f   Thumb Code     0  startup_at32f403a_407.o(.text)
    EXINT2_IRQHandler                        0x0800027f   Thumb Code     0  startup_at32f403a_407.o(.text)
    EXINT3_IRQHandler                        0x0800027f   Thumb Code     0  startup_at32f403a_407.o(.text)
    EXINT4_IRQHandler                        0x0800027f   Thumb Code     0  startup_at32f403a_407.o(.text)
    EXINT9_5_IRQHandler                      0x0800027f   Thumb Code     0  startup_at32f403a_407.o(.text)
    FLASH_IRQHandler                         0x0800027f   Thumb Code     0  startup_at32f403a_407.o(.text)
    I2C1_ERR_IRQHandler                      0x0800027f   Thumb Code     0  startup_at32f403a_407.o(.text)
    I2C1_EVT_IRQHandler                      0x0800027f   Thumb Code     0  startup_at32f403a_407.o(.text)
    I2C2_ERR_IRQHandler                      0x0800027f   Thumb Code     0  startup_at32f403a_407.o(.text)
    I2C2_EVT_IRQHandler                      0x0800027f   Thumb Code     0  startup_at32f403a_407.o(.text)
    I2C3_ERR_IRQHandler                      0x0800027f   Thumb Code     0  startup_at32f403a_407.o(.text)
    I2C3_EVT_IRQHandler                      0x0800027f   Thumb Code     0  startup_at32f403a_407.o(.text)
    PVM_IRQHandler                           0x0800027f   Thumb Code     0  startup_at32f403a_407.o(.text)
    RTCAlarm_IRQHandler                      0x0800027f   Thumb Code     0  startup_at32f403a_407.o(.text)
    RTC_IRQHandler                           0x0800027f   Thumb Code     0  startup_at32f403a_407.o(.text)
    SDIO1_IRQHandler                         0x0800027f   Thumb Code     0  startup_at32f403a_407.o(.text)
    SDIO2_IRQHandler                         0x0800027f   Thumb Code     0  startup_at32f403a_407.o(.text)
    SPI1_IRQHandler                          0x0800027f   Thumb Code     0  startup_at32f403a_407.o(.text)
    SPI2_I2S2EXT_IRQHandler                  0x0800027f   Thumb Code     0  startup_at32f403a_407.o(.text)
    SPI3_I2S3EXT_IRQHandler                  0x0800027f   Thumb Code     0  startup_at32f403a_407.o(.text)
    SPI4_IRQHandler                          0x0800027f   Thumb Code     0  startup_at32f403a_407.o(.text)
    TAMPER_IRQHandler                        0x0800027f   Thumb Code     0  startup_at32f403a_407.o(.text)
    TMR1_BRK_TMR9_IRQHandler                 0x0800027f   Thumb Code     0  startup_at32f403a_407.o(.text)
    TMR1_CH_IRQHandler                       0x0800027f   Thumb Code     0  startup_at32f403a_407.o(.text)
    TMR1_OVF_TMR10_IRQHandler                0x0800027f   Thumb Code     0  startup_at32f403a_407.o(.text)
    TMR1_TRG_HALL_TMR11_IRQHandler           0x0800027f   Thumb Code     0  startup_at32f403a_407.o(.text)
    TMR2_GLOBAL_IRQHandler                   0x0800027f   Thumb Code     0  startup_at32f403a_407.o(.text)
    TMR3_GLOBAL_IRQHandler                   0x0800027f   Thumb Code     0  startup_at32f403a_407.o(.text)
    TMR4_GLOBAL_IRQHandler                   0x0800027f   Thumb Code     0  startup_at32f403a_407.o(.text)
    TMR5_GLOBAL_IRQHandler                   0x0800027f   Thumb Code     0  startup_at32f403a_407.o(.text)
    TMR6_GLOBAL_IRQHandler                   0x0800027f   Thumb Code     0  startup_at32f403a_407.o(.text)
    TMR7_GLOBAL_IRQHandler                   0x0800027f   Thumb Code     0  startup_at32f403a_407.o(.text)
    TMR8_BRK_TMR12_IRQHandler                0x0800027f   Thumb Code     0  startup_at32f403a_407.o(.text)
    TMR8_CH_IRQHandler                       0x0800027f   Thumb Code     0  startup_at32f403a_407.o(.text)
    TMR8_OVF_TMR13_IRQHandler                0x0800027f   Thumb Code     0  startup_at32f403a_407.o(.text)
    TMR8_TRG_HALL_TMR14_IRQHandler           0x0800027f   Thumb Code     0  startup_at32f403a_407.o(.text)
    UART4_IRQHandler                         0x0800027f   Thumb Code     0  startup_at32f403a_407.o(.text)
    UART5_IRQHandler                         0x0800027f   Thumb Code     0  startup_at32f403a_407.o(.text)
    UART7_IRQHandler                         0x0800027f   Thumb Code     0  startup_at32f403a_407.o(.text)
    UART8_IRQHandler                         0x0800027f   Thumb Code     0  startup_at32f403a_407.o(.text)
    USART1_IRQHandler                        0x0800027f   Thumb Code     0  startup_at32f403a_407.o(.text)
    USART2_IRQHandler                        0x0800027f   Thumb Code     0  startup_at32f403a_407.o(.text)
    USART3_IRQHandler                        0x0800027f   Thumb Code     0  startup_at32f403a_407.o(.text)
    USART6_IRQHandler                        0x0800027f   Thumb Code     0  startup_at32f403a_407.o(.text)
    USBFSWakeUp_IRQHandler                   0x0800027f   Thumb Code     0  startup_at32f403a_407.o(.text)
    USBFS_H_CAN1_TX_IRQHandler               0x0800027f   Thumb Code     0  startup_at32f403a_407.o(.text)
    USBFS_MAPH_IRQHandler                    0x0800027f   Thumb Code     0  startup_at32f403a_407.o(.text)
    USBFS_MAPL_IRQHandler                    0x0800027f   Thumb Code     0  startup_at32f403a_407.o(.text)
    WWDT_IRQHandler                          0x0800027f   Thumb Code     0  startup_at32f403a_407.o(.text)
    XMC_IRQHandler                           0x0800027f   Thumb Code     0  startup_at32f403a_407.o(.text)
    __user_initial_stackheap                 0x08000281   Thumb Code     0  startup_at32f403a_407.o(.text)
    __use_no_semihosting                     0x080002a5   Thumb Code     2  use_no_semi_2.o(.text)
    __use_two_region_memory                  0x080002a7   Thumb Code     2  heapauxi.o(.text)
    __rt_heap_escrow$2region                 0x080002a9   Thumb Code     2  heapauxi.o(.text)
    __rt_heap_expand$2region                 0x080002ab   Thumb Code     2  heapauxi.o(.text)
    __I$use$semihosting                      0x080002ad   Thumb Code     0  use_no_semi.o(.text)
    __use_no_semihosting_swi                 0x080002ad   Thumb Code     2  use_no_semi.o(.text)
    __user_setup_stackheap                   0x080002af   Thumb Code    74  sys_stackheap_outer.o(.text)
    exit                                     0x080002f9   Thumb Code    18  exit.o(.text)
    __user_libspace                          0x0800030d   Thumb Code     8  libspace.o(.text)
    __user_perproc_libspace                  0x0800030d   Thumb Code     0  libspace.o(.text)
    __user_perthread_libspace                0x0800030d   Thumb Code     0  libspace.o(.text)
    BusFault_Handler                         0x08000315   Thumb Code     2  at32f403a_407_int.o(.text.BusFault_Handler)
    DebugMon_Handler                         0x08000319   Thumb Code     2  at32f403a_407_int.o(.text.DebugMon_Handler)
    HardFault_Handler                        0x0800031d   Thumb Code     2  at32f403a_407_int.o(.text.HardFault_Handler)
    MemManage_Handler                        0x08000321   Thumb Code     2  at32f403a_407_int.o(.text.MemManage_Handler)
    NMI_Handler                              0x08000325   Thumb Code     2  at32f403a_407_int.o(.text.NMI_Handler)
    PendSV_Handler                           0x08000329   Thumb Code     2  at32f403a_407_int.o(.text.PendSV_Handler)
    SVC_Handler                              0x0800032d   Thumb Code     2  at32f403a_407_int.o(.text.SVC_Handler)
    SysTick_Handler                          0x08000331   Thumb Code     2  at32f403a_407_int.o(.text.SysTick_Handler)
    SystemInit                               0x08000335   Thumb Code    92  system_at32f403a_407.o(.text.SystemInit)
    USBFS_L_CAN1_RX0_IRQHandler              0x08000391   Thumb Code    12  main.o(.text.USBFS_L_CAN1_RX0_IRQHandler)
    UsageFault_Handler                       0x0800039d   Thumb Code     2  at32f403a_407_int.o(.text.UsageFault_Handler)
    _sys_exit                                0x080003a1   Thumb Code     2  at32f403a_407_board.o(.text._sys_exit)
    acc_calibration_mode_enable              0x080003a5   Thumb Code    32  at32f403a_407_acc.o(.text.acc_calibration_mode_enable)
    acc_write_c1                             0x080003c5   Thumb Code    12  at32f403a_407_acc.o(.text.acc_write_c1)
    acc_write_c2                             0x080003d1   Thumb Code    12  at32f403a_407_acc.o(.text.acc_write_c2)
    acc_write_c3                             0x080003dd   Thumb Code    12  at32f403a_407_acc.o(.text.acc_write_c3)
    at32_board_init                          0x080003e9   Thumb Code   276  at32f403a_407_board.o(.text.at32_board_init)
    bot_cbw_decode                           0x080004fd   Thumb Code   266  msc_bot_scsi.o(.text.bot_cbw_decode)
    bot_scsi_clear_feature                   0x08000609   Thumb Code    96  msc_bot_scsi.o(.text.bot_scsi_clear_feature)
    bot_scsi_cmd_process                     0x08000669   Thumb Code   692  msc_bot_scsi.o(.text.bot_scsi_cmd_process)
    bot_scsi_datain_handler                  0x0800091d   Thumb Code    96  msc_bot_scsi.o(.text.bot_scsi_datain_handler)
    bot_scsi_dataout_handler                 0x0800097d   Thumb Code    98  msc_bot_scsi.o(.text.bot_scsi_dataout_handler)
    bot_scsi_init                            0x080009e1   Thumb Code    56  msc_bot_scsi.o(.text.bot_scsi_init)
    bot_scsi_read10                          0x08000a19   Thumb Code   254  msc_bot_scsi.o(.text.bot_scsi_read10)
    bot_scsi_reset                           0x08000b19   Thumb Code    44  msc_bot_scsi.o(.text.bot_scsi_reset)
    bot_scsi_send_csw                        0x08000b45   Thumb Code    60  msc_bot_scsi.o(.text.bot_scsi_send_csw)
    bot_scsi_send_data                       0x08000b81   Thumb Code    56  msc_bot_scsi.o(.text.bot_scsi_send_data)
    bot_scsi_write10                         0x08000bb9   Thumb Code   358  msc_bot_scsi.o(.text.bot_scsi_write10)
    crm_ahb_div_set                          0x08000e29   Thumb Code    26  at32f403a_407_crm.o(.text.crm_ahb_div_set)
    crm_apb1_div_set                         0x08000e45   Thumb Code    26  at32f403a_407_crm.o(.text.crm_apb1_div_set)
    crm_apb2_div_set                         0x08000e61   Thumb Code    26  at32f403a_407_crm.o(.text.crm_apb2_div_set)
    crm_auto_step_mode_enable                0x08000e7d   Thumb Code    24  at32f403a_407_crm.o(.text.crm_auto_step_mode_enable)
    crm_clock_source_enable                  0x08000e95   Thumb Code   122  at32f403a_407_crm.o(.text.crm_clock_source_enable)
    crm_flag_get                             0x08000f11   Thumb Code    26  at32f403a_407_crm.o(.text.crm_flag_get)
    crm_hext_clock_div_set                   0x08000f2d   Thumb Code    26  at32f403a_407_crm.o(.text.crm_hext_clock_div_set)
    crm_hext_stable_wait                     0x08000f49   Thumb Code    36  at32f403a_407_crm.o(.text.crm_hext_stable_wait)
    crm_periph_clock_enable                  0x08000f6d   Thumb Code    40  at32f403a_407_crm.o(.text.crm_periph_clock_enable)
    crm_pll_config                           0x08000f95   Thumb Code   110  at32f403a_407_crm.o(.text.crm_pll_config)
    crm_reset                                0x08001005   Thumb Code    68  at32f403a_407_crm.o(.text.crm_reset)
    crm_sysclk_switch                        0x08001049   Thumb Code    18  at32f403a_407_crm.o(.text.crm_sysclk_switch)
    crm_sysclk_switch_status_get             0x0800105d   Thumb Code    16  at32f403a_407_crm.o(.text.crm_sysclk_switch_status_get)
    crm_usb_clock_div_set                    0x0800106d   Thumb Code    28  at32f403a_407_crm.o(.text.crm_usb_clock_div_set)
    crm_usb_clock_source_select              0x08001089   Thumb Code    50  at32f403a_407_crm.o(.text.crm_usb_clock_source_select)
    flash_byte_program                       0x080010bd   Thumb Code   270  at32f403a_407_flash.o(.text.flash_byte_program)
    flash_lock                               0x080011cd   Thumb Code    26  at32f403a_407_flash.o(.text.flash_lock)
    flash_sector_erase                       0x080011e9   Thumb Code   484  at32f403a_407_flash.o(.text.flash_sector_erase)
    flash_unlock                             0x080013cd   Thumb Code    34  at32f403a_407_flash.o(.text.flash_unlock)
    get_inquiry                              0x080015dd   Thumb Code    18  msc_diskio.o(.text.get_inquiry)
    gpio_default_para_init                   0x080015f1   Thumb Code    18  at32f403a_407_gpio.o(.text.gpio_default_para_init)
    gpio_init                                0x08001605   Thumb Code   190  at32f403a_407_gpio.o(.text.gpio_init)
    main                                     0x080016c5   Thumb Code    94  main.o(.text.main)
    msc_disk_capacity                        0x08001725   Thumb Code    94  msc_diskio.o(.text.msc_disk_capacity)
    msc_disk_read                            0x08001785   Thumb Code    36  msc_diskio.o(.text.msc_disk_read)
    msc_disk_write                           0x080017a9   Thumb Code    98  msc_diskio.o(.text.msc_disk_write)
    nvic_irq_enable                          0x0800180d   Thumb Code   116  at32f403a_407_misc.o(.text.nvic_irq_enable)
    nvic_priority_group_config               0x08001881   Thumb Code    32  at32f403a_407_misc.o(.text.nvic_priority_group_config)
    system_clock_config                      0x080018a1   Thumb Code   110  at32f403a_407_clock.o(.text.system_clock_config)
    system_core_clock_update                 0x08001911   Thumb Code   164  system_at32f403a_407.o(.text.system_core_clock_update)
    systick_clock_source_config              0x080019c5   Thumb Code    24  at32f403a_407_misc.o(.text.systick_clock_source_config)
    usb_buffer_free                          0x080019dd   Thumb Code    14  at32f403a_407_usb.o(.text.usb_buffer_free)
    usb_buffer_malloc                        0x080019ed   Thumb Code    18  at32f403a_407_usb.o(.text.usb_buffer_malloc)
    usb_clock48m_select                      0x08001a01   Thumb Code   250  main.o(.text.usb_clock48m_select)
    usb_connect                              0x08001afd   Thumb Code    18  at32f403a_407_usb.o(.text.usb_connect)
    usb_dev_init                             0x08001b11   Thumb Code    28  at32f403a_407_usb.o(.text.usb_dev_init)
    usb_enter_suspend                        0x08001b2d   Thumb Code    18  at32f403a_407_usb.o(.text.usb_enter_suspend)
    usb_ept_close                            0x08001b41   Thumb Code   218  at32f403a_407_usb.o(.text.usb_ept_close)
    usb_ept_open                             0x08001c1d   Thumb Code   802  at32f403a_407_usb.o(.text.usb_ept_open)
    usb_exit_suspend                         0x08001f41   Thumb Code    18  at32f403a_407_usb.o(.text.usb_exit_suspend)
    usb_flag_clear                           0x08001f55   Thumb Code     6  at32f403a_407_usb.o(.text.usb_flag_clear)
    usb_read_packet                          0x08001f5d   Thumb Code    54  at32f403a_407_usb.o(.text.usb_read_packet)
    usb_set_address                          0x08001f95   Thumb Code    18  at32f403a_407_usb.o(.text.usb_set_address)
    usb_write_packet                         0x08001fa9   Thumb Code    54  at32f403a_407_usb.o(.text.usb_write_packet)
    usbd_clear_stall                         0x08001fe1   Thumb Code    76  usbd_core.o(.text.usbd_clear_stall)
    usbd_connect                             0x0800202d   Thumb Code     6  usbd_core.o(.text.usbd_connect)
    usbd_core_in_handler                     0x08002035   Thumb Code   234  usbd_core.o(.text.usbd_core_in_handler)
    usbd_core_init                           0x08002121   Thumb Code   120  usbd_core.o(.text.usbd_core_init)
    usbd_core_out_handler                    0x08002199   Thumb Code   154  usbd_core.o(.text.usbd_core_out_handler)
    usbd_core_setup_handler                  0x08002235   Thumb Code    82  usbd_core.o(.text.usbd_core_setup_handler)
    usbd_ctrl_send                           0x08002289   Thumb Code    22  usbd_core.o(.text.usbd_ctrl_send)
    usbd_ctrl_send_status                    0x080022a1   Thumb Code    18  usbd_core.o(.text.usbd_ctrl_send_status)
    usbd_ctrl_unsupport                      0x080022b5   Thumb Code    70  usbd_core.o(.text.usbd_ctrl_unsupport)
    usbd_device_request                      0x080022fd   Thumb Code   574  usbd_sdr.o(.text.usbd_device_request)
    usbd_endpoint_request                    0x0800253d   Thumb Code   284  usbd_sdr.o(.text.usbd_endpoint_request)
    usbd_enter_suspend                       0x08002659   Thumb Code     6  usbd_core.o(.text.usbd_enter_suspend)
    usbd_ept_buf_auto_define                 0x08002661   Thumb Code    76  usbd_core.o(.text.usbd_ept_buf_auto_define)
    usbd_ept_close                           0x080026ad   Thumb Code    28  usbd_core.o(.text.usbd_ept_close)
    usbd_ept_defaut_init                     0x080026c9   Thumb Code   100  usbd_core.o(.text.usbd_ept_defaut_init)
    usbd_ept_open                            0x0800272d   Thumb Code    66  usbd_core.o(.text.usbd_ept_open)
    usbd_ept_recv                            0x08002771   Thumb Code    62  usbd_core.o(.text.usbd_ept_recv)
    usbd_ept_send                            0x080027b1   Thumb Code   174  usbd_core.o(.text.usbd_ept_send)
    usbd_eptn_handler                        0x08002861   Thumb Code   440  usbd_int.o(.text.usbd_eptn_handler)
    usbd_get_recv_len                        0x08002a19   Thumb Code    14  usbd_core.o(.text.usbd_get_recv_len)
    usbd_interface_request                   0x08002a29   Thumb Code    66  usbd_sdr.o(.text.usbd_interface_request)
    usbd_irq_handler                         0x08002a6d   Thumb Code   268  usbd_int.o(.text.usbd_irq_handler)
    usbd_set_stall                           0x08002b79   Thumb Code    76  usbd_core.o(.text.usbd_set_stall)
    usbd_setup_request_parse                 0x08002bc5   Thumb Code    22  usbd_sdr.o(.text.usbd_setup_request_parse)
    _fp_init                                 0x08002bdb   Thumb Code    26  fpinit.o(x$fpl$fpinit)
    __fplib_config_fpu_vfp                   0x08002bf3   Thumb Code     0  fpinit.o(x$fpl$fpinit)
    __fplib_config_pureend_doubles           0x08002bf3   Thumb Code     0  fpinit.o(x$fpl$fpinit)
    Region$$Table$$Base                      0x08002c38   Number         0  anon$$obj.o(Region$$Table)
    Region$$Table$$Limit                     0x08002c58   Number         0  anon$$obj.o(Region$$Table)
    g_usb_packet_address                     0x20000030   Data           4  at32f403a_407_usb.o(.data.g_usb_packet_address)
    led_gpio_crm_clk                         0x20000070   Data          12  at32f403a_407_board.o(.data.led_gpio_crm_clk)
    led_gpio_pin                             0x2000007c   Data           6  at32f403a_407_board.o(.data.led_gpio_pin)
    led_gpio_port                            0x20000084   Data          12  at32f403a_407_board.o(.data.led_gpio_port)
    mode_sense10_data                        0x20000090   Data           8  msc_bot_scsi.o(.data.mode_sense10_data)
    msc_class_handler                        0x20000098   Data          40  msc_class.o(.data.msc_class_handler)
    msc_desc_handler                         0x200000c0   Data          40  msc_desc.o(.data.msc_desc_handler)
    scsi_inquiry                             0x200000e8   Data          36  msc_diskio.o(.data.scsi_inquiry)
    sector_size                              0x2000010c   Data           4  msc_diskio.o(.data.sector_size)
    sense_data                               0x20000110   Data          24  msc_bot_scsi.o(.data.sense_data)
    system_core_clock                        0x20000130   Data           4  system_at32f403a_407.o(.data.system_core_clock)
    __libspace_start                         0x20000138   Data          96  libspace.o(.bss)
    __temporary_stack_top$libspace           0x20000198   Data           0  libspace.o(.bss)
    mode_sense6_data                         0x200002a0   Data           8  msc_bot_scsi.o(.bss.mode_sense6_data)
    msc_flash_size                           0x200002a8   Data           4  msc_diskio.o(.bss.msc_flash_size)
    msc_struct                               0x200002b0   Data        4184  msc_class.o(.bss.msc_struct)
    page00_inquiry_data                      0x20001308   Data           5  msc_bot_scsi.o(.bss.page00_inquiry_data)
    usb_core_dev                             0x20001310   Data         556  main.o(.bss.usb_core_dev)



==============================================================================

Memory Map of the image

  Image Entry point : 0x08000185

  Load Region LR_IROM1 (Base: 0x08000000, Size: 0x00002d90, Max: 0x00100000, ABSOLUTE, COMPRESSED[0x00002d28])

    Execution Region ER_IROM1 (Exec base: 0x08000000, Load base: 0x08000000, Size: 0x00002c58, Max: 0x00100000, ABSOLUTE)

    Exec Addr    Load Addr    Size         Type   Attr      Idx    E Section Name        Object

    0x08000000   0x08000000   0x00000184   Data   RO         1277    RESET               startup_at32f403a_407.o
    0x08000184   0x08000184   0x00000008   Code   RO         1517  * !!!main             c_w.l(__main.o)
    0x0800018c   0x0800018c   0x00000034   Code   RO         1676    !!!scatter          c_w.l(__scatter.o)
    0x080001c0   0x080001c0   0x0000005a   Code   RO         1674    !!dczerorl2         c_w.l(__dczerorl2.o)
    0x0800021a   0x0800021a   0x00000002   PAD
    0x0800021c   0x0800021c   0x0000001c   Code   RO         1678    !!handler_zi        c_w.l(__scatter_zi.o)
    0x08000238   0x08000238   0x00000002   Code   RO         1546    .ARM.Collect$$libinit$$00000000  c_w.l(libinit.o)
    0x0800023a   0x0800023a   0x00000004   Code   RO         1552    .ARM.Collect$$libinit$$00000001  c_w.l(libinit2.o)
    0x0800023e   0x0800023e   0x00000000   Code   RO         1555    .ARM.Collect$$libinit$$00000004  c_w.l(libinit2.o)
    0x0800023e   0x0800023e   0x00000000   Code   RO         1557    .ARM.Collect$$libinit$$00000006  c_w.l(libinit2.o)
    0x0800023e   0x0800023e   0x00000000   Code   RO         1560    .ARM.Collect$$libinit$$0000000C  c_w.l(libinit2.o)
    0x0800023e   0x0800023e   0x00000000   Code   RO         1562    .ARM.Collect$$libinit$$0000000E  c_w.l(libinit2.o)
    0x0800023e   0x0800023e   0x00000000   Code   RO         1564    .ARM.Collect$$libinit$$00000010  c_w.l(libinit2.o)
    0x0800023e   0x0800023e   0x00000000   Code   RO         1567    .ARM.Collect$$libinit$$00000013  c_w.l(libinit2.o)
    0x0800023e   0x0800023e   0x00000000   Code   RO         1569    .ARM.Collect$$libinit$$00000015  c_w.l(libinit2.o)
    0x0800023e   0x0800023e   0x00000000   Code   RO         1571    .ARM.Collect$$libinit$$00000017  c_w.l(libinit2.o)
    0x0800023e   0x0800023e   0x00000000   Code   RO         1573    .ARM.Collect$$libinit$$00000019  c_w.l(libinit2.o)
    0x0800023e   0x0800023e   0x00000000   Code   RO         1575    .ARM.Collect$$libinit$$0000001B  c_w.l(libinit2.o)
    0x0800023e   0x0800023e   0x00000000   Code   RO         1577    .ARM.Collect$$libinit$$0000001D  c_w.l(libinit2.o)
    0x0800023e   0x0800023e   0x00000000   Code   RO         1579    .ARM.Collect$$libinit$$0000001F  c_w.l(libinit2.o)
    0x0800023e   0x0800023e   0x00000000   Code   RO         1581    .ARM.Collect$$libinit$$00000021  c_w.l(libinit2.o)
    0x0800023e   0x0800023e   0x00000000   Code   RO         1583    .ARM.Collect$$libinit$$00000023  c_w.l(libinit2.o)
    0x0800023e   0x0800023e   0x00000000   Code   RO         1585    .ARM.Collect$$libinit$$00000025  c_w.l(libinit2.o)
    0x0800023e   0x0800023e   0x00000000   Code   RO         1587    .ARM.Collect$$libinit$$00000027  c_w.l(libinit2.o)
    0x0800023e   0x0800023e   0x00000000   Code   RO         1591    .ARM.Collect$$libinit$$0000002E  c_w.l(libinit2.o)
    0x0800023e   0x0800023e   0x00000000   Code   RO         1593    .ARM.Collect$$libinit$$00000030  c_w.l(libinit2.o)
    0x0800023e   0x0800023e   0x00000000   Code   RO         1595    .ARM.Collect$$libinit$$00000032  c_w.l(libinit2.o)
    0x0800023e   0x0800023e   0x00000000   Code   RO         1597    .ARM.Collect$$libinit$$00000034  c_w.l(libinit2.o)
    0x0800023e   0x0800023e   0x00000002   Code   RO         1598    .ARM.Collect$$libinit$$00000035  c_w.l(libinit2.o)
    0x08000240   0x08000240   0x00000002   Code   RO         1616    .ARM.Collect$$libshutdown$$00000000  c_w.l(libshutdown.o)
    0x08000242   0x08000242   0x00000000   Code   RO         1628    .ARM.Collect$$libshutdown$$00000002  c_w.l(libshutdown2.o)
    0x08000242   0x08000242   0x00000000   Code   RO         1630    .ARM.Collect$$libshutdown$$00000004  c_w.l(libshutdown2.o)
    0x08000242   0x08000242   0x00000000   Code   RO         1633    .ARM.Collect$$libshutdown$$00000007  c_w.l(libshutdown2.o)
    0x08000242   0x08000242   0x00000000   Code   RO         1636    .ARM.Collect$$libshutdown$$0000000A  c_w.l(libshutdown2.o)
    0x08000242   0x08000242   0x00000000   Code   RO         1638    .ARM.Collect$$libshutdown$$0000000C  c_w.l(libshutdown2.o)
    0x08000242   0x08000242   0x00000000   Code   RO         1641    .ARM.Collect$$libshutdown$$0000000F  c_w.l(libshutdown2.o)
    0x08000242   0x08000242   0x00000002   Code   RO         1642    .ARM.Collect$$libshutdown$$00000010  c_w.l(libshutdown2.o)
    0x08000244   0x08000244   0x00000000   Code   RO         1521    .ARM.Collect$$rtentry$$00000000  c_w.l(__rtentry.o)
    0x08000244   0x08000244   0x00000000   Code   RO         1523    .ARM.Collect$$rtentry$$00000002  c_w.l(__rtentry2.o)
    0x08000244   0x08000244   0x00000006   Code   RO         1535    .ARM.Collect$$rtentry$$00000004  c_w.l(__rtentry4.o)
    0x0800024a   0x0800024a   0x00000000   Code   RO         1525    .ARM.Collect$$rtentry$$00000009  c_w.l(__rtentry2.o)
    0x0800024a   0x0800024a   0x00000004   Code   RO         1526    .ARM.Collect$$rtentry$$0000000A  c_w.l(__rtentry2.o)
    0x0800024e   0x0800024e   0x00000000   Code   RO         1528    .ARM.Collect$$rtentry$$0000000C  c_w.l(__rtentry2.o)
    0x0800024e   0x0800024e   0x00000008   Code   RO         1529    .ARM.Collect$$rtentry$$0000000D  c_w.l(__rtentry2.o)
    0x08000256   0x08000256   0x00000002   Code   RO         1550    .ARM.Collect$$rtexit$$00000000  c_w.l(rtexit.o)
    0x08000258   0x08000258   0x00000000   Code   RO         1600    .ARM.Collect$$rtexit$$00000002  c_w.l(rtexit2.o)
    0x08000258   0x08000258   0x00000004   Code   RO         1601    .ARM.Collect$$rtexit$$00000003  c_w.l(rtexit2.o)
    0x0800025c   0x0800025c   0x00000006   Code   RO         1602    .ARM.Collect$$rtexit$$00000004  c_w.l(rtexit2.o)
    0x08000262   0x08000262   0x00000002   PAD
    0x08000264   0x08000264   0x00000040   Code   RO         1278    .text               startup_at32f403a_407.o
    0x080002a4   0x080002a4   0x00000002   Code   RO         1513    .text               c_w.l(use_no_semi_2.o)
    0x080002a6   0x080002a6   0x00000006   Code   RO         1515    .text               c_w.l(heapauxi.o)
    0x080002ac   0x080002ac   0x00000002   Code   RO         1519    .text               c_w.l(use_no_semi.o)
    0x080002ae   0x080002ae   0x0000004a   Code   RO         1537    .text               c_w.l(sys_stackheap_outer.o)
    0x080002f8   0x080002f8   0x00000012   Code   RO         1539    .text               c_w.l(exit.o)
    0x0800030a   0x0800030a   0x00000002   PAD
    0x0800030c   0x0800030c   0x00000008   Code   RO         1547    .text               c_w.l(libspace.o)
    0x08000314   0x08000314   0x00000002   Code   RO           16    .text.BusFault_Handler  at32f403a_407_int.o
    0x08000316   0x08000316   0x00000002   PAD
    0x08000318   0x08000318   0x00000002   Code   RO           22    .text.DebugMon_Handler  at32f403a_407_int.o
    0x0800031a   0x0800031a   0x00000002   PAD
    0x0800031c   0x0800031c   0x00000002   Code   RO           12    .text.HardFault_Handler  at32f403a_407_int.o
    0x0800031e   0x0800031e   0x00000002   PAD
    0x08000320   0x08000320   0x00000002   Code   RO           14    .text.MemManage_Handler  at32f403a_407_int.o
    0x08000322   0x08000322   0x00000002   PAD
    0x08000324   0x08000324   0x00000002   Code   RO           10    .text.NMI_Handler   at32f403a_407_int.o
    0x08000326   0x08000326   0x00000002   PAD
    0x08000328   0x08000328   0x00000002   Code   RO           24    .text.PendSV_Handler  at32f403a_407_int.o
    0x0800032a   0x0800032a   0x00000002   PAD
    0x0800032c   0x0800032c   0x00000002   Code   RO           20    .text.SVC_Handler   at32f403a_407_int.o
    0x0800032e   0x0800032e   0x00000002   PAD
    0x08000330   0x08000330   0x00000002   Code   RO           26    .text.SysTick_Handler  at32f403a_407_int.o
    0x08000332   0x08000332   0x00000002   PAD
    0x08000334   0x08000334   0x0000005c   Code   RO         1263    .text.SystemInit    system_at32f403a_407.o
    0x08000390   0x08000390   0x0000000c   Code   RO           39    .text.USBFS_L_CAN1_RX0_IRQHandler  main.o
    0x0800039c   0x0800039c   0x00000002   Code   RO           18    .text.UsageFault_Handler  at32f403a_407_int.o
    0x0800039e   0x0800039e   0x00000002   PAD
    0x080003a0   0x080003a0   0x00000002   Code   RO           74    .text._sys_exit     at32f403a_407_board.o
    0x080003a2   0x080003a2   0x00000002   PAD
    0x080003a4   0x080003a4   0x00000020   Code   RO          121    .text.acc_calibration_mode_enable  at32f403a_407_acc.o
    0x080003c4   0x080003c4   0x0000000c   Code   RO          131    .text.acc_write_c1  at32f403a_407_acc.o
    0x080003d0   0x080003d0   0x0000000c   Code   RO          133    .text.acc_write_c2  at32f403a_407_acc.o
    0x080003dc   0x080003dc   0x0000000c   Code   RO          135    .text.acc_write_c3  at32f403a_407_acc.o
    0x080003e8   0x080003e8   0x00000114   Code   RO           82    .text.at32_board_init  at32f403a_407_board.o
    0x080004fc   0x080004fc   0x0000010a   Code   RO         1396    .text.bot_cbw_decode  msc_bot_scsi.o
    0x08000606   0x08000606   0x00000002   PAD
    0x08000608   0x08000608   0x00000060   Code   RO         1430    .text.bot_scsi_clear_feature  msc_bot_scsi.o
    0x08000668   0x08000668   0x000002b4   Code   RO         1390    .text.bot_scsi_cmd_process  msc_bot_scsi.o
    0x0800091c   0x0800091c   0x00000060   Code   RO         1388    .text.bot_scsi_datain_handler  msc_bot_scsi.o
    0x0800097c   0x0800097c   0x00000062   Code   RO         1394    .text.bot_scsi_dataout_handler  msc_bot_scsi.o
    0x080009de   0x080009de   0x00000002   PAD
    0x080009e0   0x080009e0   0x00000038   Code   RO         1384    .text.bot_scsi_init  msc_bot_scsi.o
    0x08000a18   0x08000a18   0x000000fe   Code   RO         1426    .text.bot_scsi_read10  msc_bot_scsi.o
    0x08000b16   0x08000b16   0x00000002   PAD
    0x08000b18   0x08000b18   0x0000002c   Code   RO         1386    .text.bot_scsi_reset  msc_bot_scsi.o
    0x08000b44   0x08000b44   0x0000003c   Code   RO         1392    .text.bot_scsi_send_csw  msc_bot_scsi.o
    0x08000b80   0x08000b80   0x00000038   Code   RO         1402    .text.bot_scsi_send_data  msc_bot_scsi.o
    0x08000bb8   0x08000bb8   0x00000166   Code   RO         1428    .text.bot_scsi_write10  msc_bot_scsi.o
    0x08000d1e   0x08000d1e   0x00000002   PAD
    0x08000d20   0x08000d20   0x00000016   Code   RO         1446    .text.class_clear_handler  msc_class.o
    0x08000d36   0x08000d36   0x00000002   PAD
    0x08000d38   0x08000d38   0x0000000c   Code   RO         1452    .text.class_ept0_rx_handler  msc_class.o
    0x08000d44   0x08000d44   0x00000004   Code   RO         1450    .text.class_ept0_tx_handler  msc_class.o
    0x08000d48   0x08000d48   0x00000004   Code   RO         1460    .text.class_event_handler  msc_class.o
    0x08000d4c   0x08000d4c   0x0000000a   Code   RO         1454    .text.class_in_handler  msc_class.o
    0x08000d56   0x08000d56   0x00000002   PAD
    0x08000d58   0x08000d58   0x00000024   Code   RO         1444    .text.class_init_handler  msc_class.o
    0x08000d7c   0x08000d7c   0x0000000a   Code   RO         1456    .text.class_out_handler  msc_class.o
    0x08000d86   0x08000d86   0x00000002   PAD
    0x08000d88   0x08000d88   0x0000009c   Code   RO         1448    .text.class_setup_handler  msc_class.o
    0x08000e24   0x08000e24   0x00000004   Code   RO         1458    .text.class_sof_handler  msc_class.o
    0x08000e28   0x08000e28   0x0000001a   Code   RO          377    .text.crm_ahb_div_set  at32f403a_407_crm.o
    0x08000e42   0x08000e42   0x00000002   PAD
    0x08000e44   0x08000e44   0x0000001a   Code   RO          379    .text.crm_apb1_div_set  at32f403a_407_crm.o
    0x08000e5e   0x08000e5e   0x00000002   PAD
    0x08000e60   0x08000e60   0x0000001a   Code   RO          381    .text.crm_apb2_div_set  at32f403a_407_crm.o
    0x08000e7a   0x08000e7a   0x00000002   PAD
    0x08000e7c   0x08000e7c   0x00000018   Code   RO          403    .text.crm_auto_step_mode_enable  at32f403a_407_crm.o
    0x08000e94   0x08000e94   0x0000007a   Code   RO          369    .text.crm_clock_source_enable  at32f403a_407_crm.o
    0x08000f0e   0x08000f0e   0x00000002   PAD
    0x08000f10   0x08000f10   0x0000001a   Code   RO          355    .text.crm_flag_get  at32f403a_407_crm.o
    0x08000f2a   0x08000f2a   0x00000002   PAD
    0x08000f2c   0x08000f2c   0x0000001a   Code   RO          415    .text.crm_hext_clock_div_set  at32f403a_407_crm.o
    0x08000f46   0x08000f46   0x00000002   PAD
    0x08000f48   0x08000f48   0x00000024   Code   RO          357    .text.crm_hext_stable_wait  at32f403a_407_crm.o
    0x08000f6c   0x08000f6c   0x00000028   Code   RO          363    .text.crm_periph_clock_enable  at32f403a_407_crm.o
    0x08000f94   0x08000f94   0x0000006e   Code   RO          391    .text.crm_pll_config  at32f403a_407_crm.o
    0x08001002   0x08001002   0x00000002   PAD
    0x08001004   0x08001004   0x00000044   Code   RO          349    .text.crm_reset     at32f403a_407_crm.o
    0x08001048   0x08001048   0x00000012   Code   RO          393    .text.crm_sysclk_switch  at32f403a_407_crm.o
    0x0800105a   0x0800105a   0x00000002   PAD
    0x0800105c   0x0800105c   0x00000010   Code   RO          395    .text.crm_sysclk_switch_status_get  at32f403a_407_crm.o
    0x0800106c   0x0800106c   0x0000001c   Code   RO          385    .text.crm_usb_clock_div_set  at32f403a_407_crm.o
    0x08001088   0x08001088   0x00000032   Code   RO          411    .text.crm_usb_clock_source_select  at32f403a_407_crm.o
    0x080010ba   0x080010ba   0x00000002   PAD
    0x080010bc   0x080010bc   0x0000010e   Code   RO          585    .text.flash_byte_program  at32f403a_407_flash.o
    0x080011ca   0x080011ca   0x00000002   PAD
    0x080011cc   0x080011cc   0x0000001a   Code   RO          557    .text.flash_lock    at32f403a_407_flash.o
    0x080011e6   0x080011e6   0x00000002   PAD
    0x080011e8   0x080011e8   0x000001e4   Code   RO          565    .text.flash_sector_erase  at32f403a_407_flash.o
    0x080013cc   0x080013cc   0x00000022   Code   RO          549    .text.flash_unlock  at32f403a_407_flash.o
    0x080013ee   0x080013ee   0x00000002   PAD
    0x080013f0   0x080013f0   0x00000050   Code   RO         1490    .text.get_device_config_string  msc_desc.o
    0x08001440   0x08001440   0x0000000a   Code   RO         1476    .text.get_device_configuration  msc_desc.o
    0x0800144a   0x0800144a   0x00000002   PAD
    0x0800144c   0x0800144c   0x0000000a   Code   RO         1472    .text.get_device_descriptor  msc_desc.o
    0x08001456   0x08001456   0x00000002   PAD
    0x08001458   0x08001458   0x00000050   Code   RO         1488    .text.get_device_interface_string  msc_desc.o
    0x080014a8   0x080014a8   0x0000000a   Code   RO         1480    .text.get_device_lang_id  msc_desc.o
    0x080014b2   0x080014b2   0x00000002   PAD
    0x080014b4   0x080014b4   0x00000050   Code   RO         1482    .text.get_device_manufacturer_string  msc_desc.o
    0x08001504   0x08001504   0x00000004   Code   RO         1478    .text.get_device_other_speed  msc_desc.o
    0x08001508   0x08001508   0x00000050   Code   RO         1484    .text.get_device_product_string  msc_desc.o
    0x08001558   0x08001558   0x00000004   Code   RO         1474    .text.get_device_qualifier  msc_desc.o
    0x0800155c   0x0800155c   0x00000080   Code   RO         1486    .text.get_device_serial_string  msc_desc.o
    0x080015dc   0x080015dc   0x00000012   Code   RO           55    .text.get_inquiry   msc_diskio.o
    0x080015ee   0x080015ee   0x00000002   PAD
    0x080015f0   0x080015f0   0x00000012   Code   RO          637    .text.gpio_default_para_init  at32f403a_407_gpio.o
    0x08001602   0x08001602   0x00000002   PAD
    0x08001604   0x08001604   0x000000be   Code   RO          635    .text.gpio_init     at32f403a_407_gpio.o
    0x080016c2   0x080016c2   0x00000002   PAD
    0x080016c4   0x080016c4   0x0000005e   Code   RO           37    .text.main          main.o
    0x08001722   0x08001722   0x00000002   PAD
    0x08001724   0x08001724   0x0000005e   Code   RO           61    .text.msc_disk_capacity  msc_diskio.o
    0x08001782   0x08001782   0x00000002   PAD
    0x08001784   0x08001784   0x00000024   Code   RO           57    .text.msc_disk_read  msc_diskio.o
    0x080017a8   0x080017a8   0x00000062   Code   RO           59    .text.msc_disk_write  msc_diskio.o
    0x0800180a   0x0800180a   0x00000002   PAD
    0x0800180c   0x0800180c   0x00000074   Code   RO          747    .text.nvic_irq_enable  at32f403a_407_misc.o
    0x08001880   0x08001880   0x00000020   Code   RO          751    .text.nvic_priority_group_config  at32f403a_407_misc.o
    0x080018a0   0x080018a0   0x0000006e   Code   RO            2    .text.system_clock_config  at32f403a_407_clock.o
    0x0800190e   0x0800190e   0x00000002   PAD
    0x08001910   0x08001910   0x000000b4   Code   RO         1265    .text.system_core_clock_update  system_at32f403a_407.o
    0x080019c4   0x080019c4   0x00000018   Code   RO          757    .text.systick_clock_source_config  at32f403a_407_misc.o
    0x080019dc   0x080019dc   0x0000000e   Code   RO         1159    .text.usb_buffer_free  at32f403a_407_usb.o
    0x080019ea   0x080019ea   0x00000002   PAD
    0x080019ec   0x080019ec   0x00000012   Code   RO         1157    .text.usb_buffer_malloc  at32f403a_407_usb.o
    0x080019fe   0x080019fe   0x00000002   PAD
    0x08001a00   0x08001a00   0x000000fa   Code   RO           35    .text.usb_clock48m_select  main.o
    0x08001afa   0x08001afa   0x00000002   PAD
    0x08001afc   0x08001afc   0x00000012   Code   RO         1131    .text.usb_connect   at32f403a_407_usb.o
    0x08001b0e   0x08001b0e   0x00000002   PAD
    0x08001b10   0x08001b10   0x0000001c   Code   RO         1127    .text.usb_dev_init  at32f403a_407_usb.o
    0x08001b2c   0x08001b2c   0x00000012   Code   RO         1149    .text.usb_enter_suspend  at32f403a_407_usb.o
    0x08001b3e   0x08001b3e   0x00000002   PAD
    0x08001b40   0x08001b40   0x000000da   Code   RO         1139    .text.usb_ept_close  at32f403a_407_usb.o
    0x08001c1a   0x08001c1a   0x00000002   PAD
    0x08001c1c   0x08001c1c   0x00000322   Code   RO         1137    .text.usb_ept_open  at32f403a_407_usb.o
    0x08001f3e   0x08001f3e   0x00000002   PAD
    0x08001f40   0x08001f40   0x00000012   Code   RO         1151    .text.usb_exit_suspend  at32f403a_407_usb.o
    0x08001f52   0x08001f52   0x00000002   PAD
    0x08001f54   0x08001f54   0x00000006   Code   RO         1163    .text.usb_flag_clear  at32f403a_407_usb.o
    0x08001f5a   0x08001f5a   0x00000002   PAD
    0x08001f5c   0x08001f5c   0x00000036   Code   RO         1143    .text.usb_read_packet  at32f403a_407_usb.o
    0x08001f92   0x08001f92   0x00000002   PAD
    0x08001f94   0x08001f94   0x00000012   Code   RO         1145    .text.usb_set_address  at32f403a_407_usb.o
    0x08001fa6   0x08001fa6   0x00000002   PAD
    0x08001fa8   0x08001fa8   0x00000036   Code   RO         1141    .text.usb_write_packet  at32f403a_407_usb.o
    0x08001fde   0x08001fde   0x00000002   PAD
    0x08001fe0   0x08001fe0   0x0000004c   Code   RO         1303    .text.usbd_clear_stall  usbd_core.o
    0x0800202c   0x0800202c   0x00000006   Code   RO         1321    .text.usbd_connect  usbd_core.o
    0x08002032   0x08002032   0x00000002   PAD
    0x08002034   0x08002034   0x000000ea   Code   RO         1285    .text.usbd_core_in_handler  usbd_core.o
    0x0800211e   0x0800211e   0x00000002   PAD
    0x08002120   0x08002120   0x00000078   Code   RO         1335    .text.usbd_core_init  usbd_core.o
    0x08002198   0x08002198   0x0000009a   Code   RO         1293    .text.usbd_core_out_handler  usbd_core.o
    0x08002232   0x08002232   0x00000002   PAD
    0x08002234   0x08002234   0x00000052   Code   RO         1297    .text.usbd_core_setup_handler  usbd_core.o
    0x08002286   0x08002286   0x00000002   PAD
    0x08002288   0x08002288   0x00000016   Code   RO         1299    .text.usbd_ctrl_send  usbd_core.o
    0x0800229e   0x0800229e   0x00000002   PAD
    0x080022a0   0x080022a0   0x00000012   Code   RO         1295    .text.usbd_ctrl_send_status  usbd_core.o
    0x080022b2   0x080022b2   0x00000002   PAD
    0x080022b4   0x080022b4   0x00000046   Code   RO         1307    .text.usbd_ctrl_unsupport  usbd_core.o
    0x080022fa   0x080022fa   0x00000002   PAD
    0x080022fc   0x080022fc   0x0000023e   Code   RO         1369    .text.usbd_device_request  usbd_sdr.o
    0x0800253a   0x0800253a   0x00000002   PAD
    0x0800253c   0x0800253c   0x0000011c   Code   RO         1373    .text.usbd_endpoint_request  usbd_sdr.o
    0x08002658   0x08002658   0x00000006   Code   RO         1331    .text.usbd_enter_suspend  usbd_core.o
    0x0800265e   0x0800265e   0x00000002   PAD
    0x08002660   0x08002660   0x0000004c   Code   RO         1313    .text.usbd_ept_buf_auto_define  usbd_core.o
    0x080026ac   0x080026ac   0x0000001c   Code   RO         1319    .text.usbd_ept_close  usbd_core.o
    0x080026c8   0x080026c8   0x00000064   Code   RO         1333    .text.usbd_ept_defaut_init  usbd_core.o
    0x0800272c   0x0800272c   0x00000042   Code   RO         1317    .text.usbd_ept_open  usbd_core.o
    0x0800276e   0x0800276e   0x00000002   PAD
    0x08002770   0x08002770   0x0000003e   Code   RO         1289    .text.usbd_ept_recv  usbd_core.o
    0x080027ae   0x080027ae   0x00000002   PAD
    0x080027b0   0x080027b0   0x000000ae   Code   RO         1287    .text.usbd_ept_send  usbd_core.o
    0x0800285e   0x0800285e   0x00000002   PAD
    0x08002860   0x08002860   0x000001b8   Code   RO         1357    .text.usbd_eptn_handler  usbd_int.o
    0x08002a18   0x08002a18   0x0000000e   Code   RO         1309    .text.usbd_get_recv_len  usbd_core.o
    0x08002a26   0x08002a26   0x00000002   PAD
    0x08002a28   0x08002a28   0x00000042   Code   RO         1371    .text.usbd_interface_request  usbd_sdr.o
    0x08002a6a   0x08002a6a   0x00000002   PAD
    0x08002a6c   0x08002a6c   0x0000010c   Code   RO         1345    .text.usbd_irq_handler  usbd_int.o
    0x08002b78   0x08002b78   0x0000004c   Code   RO         1305    .text.usbd_set_stall  usbd_core.o
    0x08002bc4   0x08002bc4   0x00000016   Code   RO         1367    .text.usbd_setup_request_parse  usbd_sdr.o
    0x08002bda   0x08002bda   0x0000001a   Code   RO         1608    x$fpl$fpinit        fz_wm.l(fpinit.o)
    0x08002bf4   0x08002bf4   0x00000044   Data   RO         1499    .rodata.str1.1      msc_desc.o
    0x08002c38   0x08002c38   0x00000020   Data   RO         1673    Region$$Table       anon$$obj.o


    Execution Region RW_IRAM1 (Exec base: 0x20000000, Load base: 0x08002c58, Size: 0x00001b48, Max: 0x00038000, ABSOLUTE, COMPRESSED[0x000000d0])

    Exec Addr    Load Addr    Size         Type   Attr      Idx    E Section Name        Object

    0x20000000   COMPRESSED   0x00000008   Data   RW         1495    .data.config_descriptor  msc_desc.o
    0x20000008   COMPRESSED   0x00000008   Data   RW         1493    .data.device_descriptor  msc_desc.o
    0x20000010   COMPRESSED   0x00000004   Data   RW         1498    .data.g_string_lang_id  msc_desc.o
    0x20000014   COMPRESSED   0x0000001a   Data   RW         1503    .data.g_string_serial  msc_desc.o
    0x2000002e   COMPRESSED   0x00000002   Data   RW         1166    .data.g_usb_offset_addr  at32f403a_407_usb.o
    0x20000030   COMPRESSED   0x00000004   Data   RW         1165    .data.g_usb_packet_address  at32f403a_407_usb.o
    0x20000034   COMPRESSED   0x00000020   Data   RW         1496    .data.g_usbd_configuration  msc_desc.o
    0x20000054   COMPRESSED   0x00000012   Data   RW         1494    .data.g_usbd_descriptor  msc_desc.o
    0x20000066   COMPRESSED   0x00000002   PAD
    0x20000068   COMPRESSED   0x00000008   Data   RW         1497    .data.langid_descriptor  msc_desc.o
    0x20000070   COMPRESSED   0x0000000c   Data   RW          108    .data.led_gpio_crm_clk  at32f403a_407_board.o
    0x2000007c   COMPRESSED   0x00000006   Data   RW          107    .data.led_gpio_pin  at32f403a_407_board.o
    0x20000082   COMPRESSED   0x00000002   PAD
    0x20000084   COMPRESSED   0x0000000c   Data   RW          106    .data.led_gpio_port  at32f403a_407_board.o
    0x20000090   COMPRESSED   0x00000008   Data   RW         1435    .data.mode_sense10_data  msc_bot_scsi.o
    0x20000098   COMPRESSED   0x00000028   Data   RW         1463    .data.msc_class_handler  msc_class.o
    0x200000c0   COMPRESSED   0x00000028   Data   RW         1492    .data.msc_desc_handler  msc_desc.o
    0x200000e8   COMPRESSED   0x00000024   Data   RW           64    .data.scsi_inquiry  msc_diskio.o
    0x2000010c   COMPRESSED   0x00000004   Data   RW           63    .data.sector_size   msc_diskio.o
    0x20000110   COMPRESSED   0x00000018   Data   RW         1433    .data.sense_data    msc_bot_scsi.o
    0x20000128   COMPRESSED   0x00000008   Data   RW         1502    .data.serial_descriptor  msc_desc.o
    0x20000130   COMPRESSED   0x00000004   Data   RW         1267    .data.system_core_clock  system_at32f403a_407.o
    0x20000134   COMPRESSED   0x00000004   PAD
    0x20000138        -       0x00000060   Zero   RW         1548    .bss                c_w.l(libspace.o)
    0x20000198        -       0x00000004   Zero   RW          111    .bss.fac_ms         at32f403a_407_board.o
    0x2000019c        -       0x00000004   Zero   RW          110    .bss.fac_us         at32f403a_407_board.o
    0x200001a0        -       0x00000100   Zero   RW         1500    .bss.g_usbd_desc_buffer  msc_desc.o
    0x200002a0        -       0x00000008   Zero   RW         1434    .bss.mode_sense6_data  msc_bot_scsi.o
    0x200002a8        -       0x00000004   Zero   RW           65    .bss.msc_flash_size  msc_diskio.o
    0x200002ac   COMPRESSED   0x00000004   PAD
    0x200002b0        -       0x00001058   Zero   RW         1462    .bss.msc_struct     msc_class.o
    0x20001308        -       0x00000005   Zero   RW         1432    .bss.page00_inquiry_data  msc_bot_scsi.o
    0x2000130d   COMPRESSED   0x00000003   PAD
    0x20001310        -       0x0000022c   Zero   RW           45    .bss.usb_core_dev   main.o
    0x2000153c        -       0x00000001   Zero   RW         1375    .bss.usbd_set_configuration.config_value  usbd_sdr.o
    0x2000153d   COMPRESSED   0x00000003   PAD
    0x20001540        -       0x00000008   Zero   RW         1501    .bss.vp_desc        msc_desc.o
    0x20001548        -       0x00000200   Zero   RW         1276    HEAP                startup_at32f403a_407.o
    0x20001748        -       0x00000400   Zero   RW         1275    STACK               startup_at32f403a_407.o


==============================================================================

Image component sizes


      Code (inc. data)   RO Data    RW Data    ZI Data      Debug   Object Name

        68          0          0          0          0       3498   at32f403a_407_acc.o
       278          0          0         30          8      14055   at32f403a_407_board.o
       110          0          0          0          0       3291   at32f403a_407_clock.o
       642          6          0          0          0      22242   at32f403a_407_crm.o
       814          0          0          0          0      29732   at32f403a_407_flash.o
       208          0          0          0          0      15635   at32f403a_407_gpio.o
        18          0          0          0          0       1073   at32f403a_407_int.o
       172          0          0          0          0       7374   at32f403a_407_misc.o
      1266          4          0          6          0      14847   at32f403a_407_usb.o
       356          0          0          0        556      10269   main.o
      2076        182          0         32         13      19877   msc_bot_scsi.o
       258         12          0         40       4184       8139   msc_class.o
       486          0         68        152        264       4121   msc_desc.o
       246          0          0         40          4       2728   msc_diskio.o
        64         26        388          0       1536       1044   startup_at32f403a_407.o
       272         16          0          4          0       8447   system_at32f403a_407.o
      1384          0          0          0          0      15240   usbd_core.o
       708          0          0          0          0       8397   usbd_int.o
       946         24          0          0          1       9249   usbd_sdr.o

    ----------------------------------------------------------------------
     10502        270        488        308       6580     199258   Object Totals
         0          0         32          0          0          0   (incl. Generated)
       130          0          0          4         14          0   (incl. Padding)

    ----------------------------------------------------------------------

      Code (inc. data)   RO Data    RW Data    ZI Data      Debug   Library Member Name

        90          0          0          0          0          0   __dczerorl2.o
         8          0          0          0          0         68   __main.o
         0          0          0          0          0          0   __rtentry.o
        12          0          0          0          0          0   __rtentry2.o
         6          0          0          0          0          0   __rtentry4.o
        52          8          0          0          0          0   __scatter.o
        28          0          0          0          0          0   __scatter_zi.o
        18          0          0          0          0         80   exit.o
         6          0          0          0          0        152   heapauxi.o
         2          0          0          0          0          0   libinit.o
         6          0          0          0          0          0   libinit2.o
         2          0          0          0          0          0   libshutdown.o
         2          0          0          0          0          0   libshutdown2.o
         8          4          0          0         96         68   libspace.o
         2          0          0          0          0          0   rtexit.o
        10          0          0          0          0          0   rtexit2.o
        74          0          0          0          0         80   sys_stackheap_outer.o
         2          0          0          0          0         68   use_no_semi.o
         2          0          0          0          0         68   use_no_semi_2.o
        26          0          0          0          0        116   fpinit.o

    ----------------------------------------------------------------------
       362         12          0          0         96        700   Library Totals
         6          0          0          0          0          0   (incl. Padding)

    ----------------------------------------------------------------------

      Code (inc. data)   RO Data    RW Data    ZI Data      Debug   Library Name

       330         12          0          0         96        584   c_w.l
        26          0          0          0          0        116   fz_wm.l

    ----------------------------------------------------------------------
       362         12          0          0         96        700   Library Totals

    ----------------------------------------------------------------------

==============================================================================


      Code (inc. data)   RO Data    RW Data    ZI Data      Debug   

     10864        282        488        308       6676     199462   Grand Totals
     10864        282        488        208       6676     199462   ELF Image Totals (compressed)
     10864        282        488        208          0          0   ROM Totals

==============================================================================

    Total RO  Size (Code + RO Data)                11352 (  11.09kB)
    Total RW  Size (RW Data + ZI Data)              6984 (   6.82kB)
    Total ROM Size (Code + RO Data + RW Data)      11560 (  11.29kB)

==============================================================================

